ets Jul 29 2019 12:21:46

rst:0x1 (POWERON_RESET),boot:0x13 (SPI_FAST_FLASH_BOOT)
configsip: 0, SPIWP:0xee
clk_drv:0x00,q_drv:0x00,d_drv:0x00,cs0_drv:0x00,hd_drv:0x00,wp_drv:0x00
mode:DIO, clock div:2
load:0x3fff0030,len:7132
ho 0 tail 12 room 4
load:0x40078000,len:15672
ho 0 tail 12 room 4
load:0x40080400,len:4
load:0x40080404,len:3884
entry 0x40080650
[0;32mI (33) boot: ESP-IDF v5.2-dev-1128-g03d4fa2869 2nd stage bootloader[0m
[0;32mI (33) boot: compile time Sep 13 2023 05:50:47[0m
[0;32mI (35) boot: Multicore bootloader[0m
[0;32mI (39) boot: chip revision: v3.0[0m
[0;32mI (43) boot.esp32: SPI Speed      : 40MHz[0m
[0;32mI (47) boot.esp32: SPI Mode       : DIO[0m
[0;32mI (52) boot.esp32: SPI Flash Size : 2MB[0m
[0;32mI (56) boot: Enabling RNG early entropy source...[0m
[0;32mI (62) boot: Partition Table:[0m
[0;32mI (65) boot: ## Label            Usage          Type ST Offset   Length[0m
[0;32mI (73) boot:  0 nvs              WiFi data        01 02 00009000 00006000[0m
[0;32mI (80) boot:  1 phy_init         RF data          01 01 0000f000 00001000[0m
[0;32mI (88) boot:  2 factory          factory app      00 00 00010000 00100000[0m
[0;32mI (95) boot: End of partition table[0m
[0;32mI (99) esp_image: segment 0: paddr=00010020 vaddr=3f400020 size=09a78h ( 39544) map[0m
[0;32mI (122) esp_image: segment 1: paddr=00019aa0 vaddr=3ff80063 size=00008h (     8) load[0m
[0;32mI (122) esp_image: segment 2: paddr=00019ab0 vaddr=3ffb0000 size=02198h (  8600) load[0m
[0;32mI (131) esp_image: segment 3: paddr=0001bc50 vaddr=40080000 size=043c8h ( 17352) load[0m
[0;32mI (144) esp_image: segment 4: paddr=00020020 vaddr=400d0020 size=13fb8h ( 81848) map[0m
[0;32mI (174) esp_image: segment 5: paddr=00033fe0 vaddr=400843c8 size=089bch ( 35260) load[0m
[0;32mI (189) esp_image: segment 6: paddr=0003c9a4 vaddr=400c0000 size=00064h (   100) load[0m
[0;32mI (190) esp_image: segment 7: paddr=0003ca10 vaddr=50000000 size=00010h (    16) load[0m
[0;32mI (202) boot: Loaded app from partition at offset 0x10000[0m
[0;32mI (202) boot: Disabling RNG early entropy source...[0m
[0;32mI (218) cpu_start: Multicore app[0m
[0;32mI (218) cpu_start: Pro cpu up.[0m
[0;32mI (218) cpu_start: Starting app cpu, entry point is 0x40081164[0m
[0;32mI (0) cpu_start: App cpu up.[0m
[0;32mI (236) cpu_start: Pro cpu start user code[0m
[0;32mI (236) cpu_start: cpu freq: 160000000 Hz[0m
[0;32mI (236) cpu_start: Application information:[0m
[0;32mI (241) cpu_start: Project name:     lab10[0m
[0;32mI (246) cpu_start: App version:      1[0m
[0;32mI (250) cpu_start: Compile time:     Sep 13 2023 05:50:47[0m
[0;32mI (256) cpu_start: ELF file SHA256:  3257310ff...[0m
[0;32mI (262) cpu_start: ESP-IDF:          v5.2-dev-1128-g03d4fa2869[0m
[0;32mI (268) cpu_start: Min chip rev:     v0.0[0m
[0;32mI (273) cpu_start: Max chip rev:     v3.99 [0m
[0;32mI (278) cpu_start: Chip rev:         v3.0[0m
[0;32mI (283) heap_init: Initializing. RAM available for dynamic allocation:[0m
[0;32mI (290) heap_init: At 3FFAE6E0 len 00001920 (6 KiB): DRAM[0m
[0;32mI (296) heap_init: At 3FFB2A18 len 0002D5E8 (181 KiB): DRAM[0m
[0;32mI (302) heap_init: At 3FFE0440 len 00003AE0 (14 KiB): D/IRAM[0m
[0;32mI (308) heap_init: At 3FFE4350 len 0001BCB0 (111 KiB): D/IRAM[0m
[0;32mI (315) heap_init: At 4008CD84 len 0001327C (76 KiB): IRAM[0m
[0;32mI (322) spi_flash: detected chip: generic[0m
[0;32mI (326) spi_flash: flash io: dio[0m
[0;33mW (329) spi_flash: Detected size(4096k) larger than the size in the binary image header(2048k). Using the size in the binary image header.[0m
[0;32mI (343) app_start: Starting scheduler on CPU0[0m
[0;32mI (348) app_start: Starting scheduler on CPU1[0m
[0;32mI (348) main_task: Started on CPU0[0m
[0;32mI (358) main_task: Calling app_main()[0m
Enabling timer wakeup, 20s
Not a deep sleep reset
Entering deep sleep
ets Jul 29 2019 12:21:46

rst:0x5 (DEEPSLEEP_RESET),boot:0x13 (SPI_FAST_FLASH_BOOT)
configsip: 0, SPIWP:0xee
clk_drv:0x00,q_drv:0x00,d_drv:0x00,cs0_drv:0x00,hd_drv:0x00,wp_drv:0x00
mode:DIO, clock div:2
load:0x3fff0030,len:7132
ho 0 tail 12 room 4
load:0x40078000,len:15672
ho 0 tail 12 room 4
load:0x40080400,len:4
load:0x40080404,len:3884
entry 0x40080650
[0;32mI (33) boot: ESP-IDF v5.2-dev-1128-g03d4fa2869 2nd stage bootloader[0m
[0;32mI (33) boot: compile time Sep 13 2023 05:50:47[0m
[0;32mI (35) boot: Multicore bootloader[0m
[0;32mI (39) boot: chip revision: v3.0[0m
[0;32mI (43) boot.esp32: SPI Speed      : 40MHz[0m
[0;32mI (48) boot.esp32: SPI Mode       : DIO[0m
[0;32mI (52) boot.esp32: SPI Flash Size : 2MB[0m
[0;32mI (57) boot: Enabling RNG early entropy source...[0m
[0;32mI (62) boot: Partition Table:[0m
[0;32mI (66) boot: ## Label            Usage          Type ST Offset   Length[0m
[0;32mI (73) boot:  0 nvs              WiFi data        01 02 00009000 00006000[0m
[0;32mI (80) boot:  1 phy_init         RF data          01 01 0000f000 00001000[0m
[0;32mI (88) boot:  2 factory          factory app      00 00 00010000 00100000[0m
[0;32mI (95) boot: End of partition table[0m
[0;32mI (99) esp_image: segment 0: paddr=00010020 vaddr=3f400020 size=09a78h ( 39544) map[0m
[0;32mI (122) esp_image: segment 1: paddr=00019aa0 vaddr=3ff80063 size=00008h (     8) [0m
[0;32mI (123) esp_image: segment 2: paddr=00019ab0 vaddr=3ffb0000 size=02198h (  8600) load[0m
[0;32mI (131) esp_image: segment 3: paddr=0001bc50 vaddr=40080000 size=043c8h ( 17352) load[0m
[0;32mI (143) esp_image: segment 4: paddr=00020020 vaddr=400d0020 size=13fb8h ( 81848) map[0m
[0;32mI (174) esp_image: segment 5: paddr=00033fe0 vaddr=400843c8 size=089bch ( 35260) load[0m
[0;32mI (189) esp_image: segment 6: paddr=0003c9a4 vaddr=400c0000 size=00064h (   100) [0m
[0;32mI (189) esp_image: segment 7: paddr=0003ca10 vaddr=50000000 size=00010h (    16) [0m
[0;32mI (201) boot: Loaded app from partition at offset 0x10000[0m
[0;32mI (201) boot: Disabling RNG early entropy source...[0m
[0;32mI (217) cpu_start: Multicore app[0m
[0;32mI (217) cpu_start: Pro cpu up.[0m
[0;32mI (217) cpu_start: Starting app cpu, entry point is 0x40081164[0m
[0;32mI (0) cpu_start: App cpu up.[0m
[0;32mI (235) cpu_start: Pro cpu start user code[0m
[0;32mI (235) cpu_start: cpu freq: 160000000 Hz[0m
[0;32mI (235) cpu_start: Application information:[0m
[0;32mI (240) cpu_start: Project name:     lab10[0m
[0;32mI (245) cpu_start: App version:      1[0m
[0;32mI (249) cpu_start: Compile time:     Sep 13 2023 05:50:47[0m
[0;32mI (255) cpu_start: ELF file SHA256:  3257310ff...[0m
[0;32mI (261) cpu_start: ESP-IDF:          v5.2-dev-1128-g03d4fa2869[0m
[0;32mI (267) cpu_start: Min chip rev:     v0.0[0m
[0;32mI (272) cpu_start: Max chip rev:     v3.99 [0m
[0;32mI (277) cpu_start: Chip rev:         v3.0[0m
[0;32mI (282) heap_init: Initializing. RAM available for dynamic allocation:[0m
[0;32mI (289) heap_init: At 3FFAE6E0 len 00001920 (6 KiB): DRAM[0m
[0;32mI (295) heap_init: At 3FFB2A18 len 0002D5E8 (181 KiB): DRAM[0m
[0;32mI (301) heap_init: At 3FFE0440 len 00003AE0 (14 KiB): D/IRAM[0m
[0;32mI (307) heap_init: At 3FFE4350 len 0001BCB0 (111 KiB): D/IRAM[0m
[0;32mI (314) heap_init: At 4008CD84 len 0001327C (76 KiB): IRAM[0m
[0;32mI (321) spi_flash: detected chip: generic[0m
[0;32mI (325) spi_flash: flash io: dio[0m
[0;33mW (329) spi_flash: Detected size(4096k) larger than the size in the binary image header(2048k). Using the size in the binary image header.[0m
[0;32mI (342) app_start: Starting scheduler on CPU0[0m
[0;32mI (347) app_start: Starting scheduler on CPU1[0m
[0;32mI (347) main_task: Started on CPU0[0m
[0;32mI (357) main_task: Calling app_main()[0m
Enabling timer wakeup, 20s
Wake up from timer. Time spent in deep sleep: 2363ms	
Entering deep sleep
ets Jul 29 2019 12:21:46

rst:0x5 (DEEPSLEEP_RESET),boot:0x13 (SPI_FAST_FLASH_BOOT)
configsip: 0, SPIWP:0xee
clk_drv:0x00,q_drv:0x00,d_drv:0x00,cs0_drv:0x00,hd_drv:0x00,wp_drv:0x00
mode:DIO, clock div:2
load:0x3fff0030,len:7132
ho 0 tail 12 room 4
load:0x40078000,len:15672
ho 0 tail 12 room 4
load:0x40080400,len:4
load:0x40080404,len:3884
entry 0x40080650
[0;32mI (33) boot: ESP-IDF v5.2-dev-1128-g03d4fa2869 2nd stage bootloader[0m
[0;32mI (33) boot: compile time Sep 13 2023 05:50:47[0m
[0;32mI (35) boot: Multicore bootloader[0m
[0;32mI (39) boot: chip revision: v3.0[0m
[0;32mI (43) boot.esp32: SPI Speed      : 40MHz[0m
[0;32mI (47) boot.esp32: SPI Mode       : DIO[0m
[0;32mI (52) boot.esp32: SPI Flash Size : 2MB[0m
[0;32mI (57) boot: Enabling RNG early entropy source...[0m
[0;32mI (62) boot: Partition Table:[0m
[0;32mI (66) boot: ## Label            Usage          Type ST Offset   Length[0m
[0;32mI (73) boot:  0 nvs              WiFi data        01 02 00009000 00006000[0m
[0;32mI (80) boot:  1 phy_init         RF data          01 01 0000f000 00001000[0m
[0;32mI (88) boot:  2 factory          factory app      00 00 00010000 00100000[0m
[0;32mI (95) boot: End of partition table[0m
[0;32mI (99) esp_image: segment 0: paddr=00010020 vaddr=3f400020 size=09a78h ( 39544) map[0m
[0;32mI (122) esp_image: segment 1: paddr=00019aa0 vaddr=3ff80063 size=00008h (     8) [0m
[0;32mI (123) esp_image: segment 2: paddr=00019ab0 vaddr=3ffb0000 size=02198h (  8600) load[0m
[0;32mI (131) esp_image: segment 3: paddr=0001bc50 vaddr=40080000 size=043c8h ( 17352) load[0m
[0;32mI (143) esp_image: segment 4: paddr=00020020 vaddr=400d0020 size=13fb8h ( 81848) map[0m
[0;32mI (174) esp_image: segment 5: paddr=00033fe0 vaddr=400843c8 size=089bch ( 35260) load[0m
[0;32mI (189) esp_image: segment 6: paddr=0003c9a4 vaddr=400c0000 size=00064h (   100) [0m
[0;32mI (189) esp_image: segment 7: paddr=0003ca10 vaddr=50000000 size=00010h (    16) [0m
[0;32mI (201) boot: Loaded app from partition at offset 0x10000[0m
[0;32mI (201) boot: Disabling RNG early entropy source...[0m
[0;32mI (217) cpu_start: Multicore app[0m
[0;32mI (217) cpu_start: Pro cpu up.[0m
[0;32mI (217) cpu_start: Starting app cpu, entry point is 0x40081164[0m
[0;32mI (0) cpu_start: App cpu up.[0m
[0;32mI (235) cpu_start: Pro cpu start user code[0m
[0;32mI (235) cpu_start: cpu freq: 160000000 Hz[0m
[0;32mI (235) cpu_start: Application information:[0m
[0;32mI (240) cpu_start: Project name:     lab10[0m
[0;32mI (245) cpu_start: App version:      1[0m
[0;32mI (249) cpu_start: Compile time:     Sep 13 2023 05:50:47[0m
[0;32mI (255) cpu_start: ELF file SHA256:  3257310ff...[0m
[0;32mI (261) cpu_start: ESP-IDF:          v5.2-dev-1128-g03d4fa2869[0m
[0;32mI (267) cpu_start: Min chip rev:     v0.0[0m
[0;32mI (272) cpu_start: Max chip rev:     v3.99 [0m
[0;32mI (277) cpu_start: Chip rev:         v3.0[0m
[0;32mI (282) heap_init: Initializing. RAM available for dynamic allocation:[0m
[0;32mI (289) heap_init: At 3FFAE6E0 len 00001920 (6 KiB): DRAM[0m
[0;32mI (295) heap_init: At 3FFB2A18 len 0002D5E8 (181 KiB): DRAM[0m
[0;32mI (301) heap_init: At 3FFE0440 len 00003AE0 (14 KiB): D/IRAM[0m
[0;32mI (307) heap_init: At 3FFE4350 len 0001BCB0 (111 KiB): D/IRAM[0m
[0;32mI (314) heap_init: At 4008CD84 len 0001327C (76 KiB): IRAM[0m
[0;32mI (321) spi_flash: detected chip: generic[0m
[0;32mI (325) spi_flash: flash io: dio[0m
[0;33mW (329) spi_flash: Detected size(4096k) larger than the size in the binary image header(2048k). Using the size in the binary image header.[0m
[0;32mI (342) app_start: Starting scheduler on CPU0[0m
[0;32mI (347) app_start: Starting scheduler on CPU1[0m
[0;32mI (347) main_task: Started on CPU0[0m
[0;32mI (357) main_task: Calling app_main()[0m
Enabling timer wakeup, 20s
Wake up from timer. Time spent in deep sleep: 2363ms	
Entering deep sleep
ets Jul 29 2019 12:21:46

rst:0x5 (DEEPSLEEP_RESET),boot:0x13 (SPI_FAST_FLASH_BOOT)
configsip: 0, SPIWP:0xee
clk_drv:0x00,q_drv:0x00,d_drv:0x00,cs0_drv:0x00,hd_drv:0x00,wp_drv:0x00
mode:DIO, clock div:2
load:0x3fff0030,len:7132
ho 0 tail 12 room 4
load:0x40078000,len:15672
ho 0 tail 12 room 4
load:0x40080400,len:4
load:0x40080404,len:3884
entry 0x40080650
[0;32mI (33) boot: ESP-IDF v5.2-dev-1128-g03d4fa2869 2nd stage bootloader[0m
[0;32mI (33) boot: compile time Sep 13 2023 05:50:47[0m
[0;32mI (35) boot: Multicore bootloader[0m
[0;32mI (39) boot: chip revision: v3.0[0m
[0;32mI (43) boot.esp32: SPI Speed      : 40MHz[0m
[0;32mI (47) boot.esp32: SPI Mode       : DIO[0m
[0;32mI (52) boot.esp32: SPI Flash Size : 2MB[0m
[0;32mI (57) boot: Enabling RNG early entropy source...[0m
[0;32mI (62) boot: Partition Table:[0m
[0;32mI (66) boot: ## Label            Usage          Type ST Offset   Length[0m
[0;32mI (73) boot:  0 nvs              WiFi data        01 02 00009000 00006000[0m
[0;32mI (80) boot:  1 phy_init         RF data          01 01 0000f000 00001000[0m
[0;32mI (88) boot:  2 factory          factory app      00 00 00010000 00100000[0m
[0;32mI (95) boot: End of partition table[0m
[0;32mI (99) esp_image: segment 0: paddr=00010020 vaddr=3f400020 size=09a78h ( 39544) map[0m
[0;32mI (122) esp_image: segment 1: paddr=00019aa0 vaddr=3ff80063 size=00008h (     8) [0m
[0;32mI (123) esp_image: segment 2: paddr=00019ab0 vaddr=3ffb0000 size=02198h (  8600) load[0m
[0;32mI (131) esp_image: segment 3: paddr=0001bc50 vaddr=40080000 size=043c8h ( 17352) load[0m
[0;32mI (143) esp_image: segment 4: paddr=00020020 vaddr=400d0020 size=13fb8h ( 81848) map[0m
[0;32mI (174) esp_image: segment 5: paddr=00033fe0 vaddr=400843c8 size=089bch ( 35260) load[0m
[0;32mI (189) esp_image: segment 6: paddr=0003c9a4 vaddr=400c0000 size=00064h (   100) [0m
[0;32mI (189) esp_image: segment 7: paddr=0003ca10 vaddr=50000000 size=00010h (    16) [0m
[0;32mI (201) boot: Loaded app from partition at offset 0x10000[0m
[0;32mI (201) boot: Disabling RNG early entropy source...[0m
[0;32mI (217) cpu_start: Multicore app[0m
[0;32mI (217) cpu_start: Pro cpu up.[0m
[0;32mI (217) cpu_start: Starting app cpu, entry point is 0x40081164[0m
[0;32mI (0) cpu_start: App cpu up.[0m
[0;32mI (235) cpu_start: Pro cpu start user code[0m
[0;32mI (235) cpu_start: cpu freq: 160000000 Hz[0m
[0;32mI (235) cpu_start: Application information:[0m
[0;32mI (240) cpu_start: Project name:     lab10[0m
[0;32mI (245) cpu_start: App version:      1[0m
[0;32mI (249) cpu_start: Compile time:     Sep 13 2023 05:50:47[0m
[0;32mI (255) cpu_start: ELF file SHA256:  3257310ff...[0m
[0;32mI (261) cpu_start: ESP-IDF:          v5.2-dev-1128-g03d4fa2869[0m
[0;32mI (267) cpu_start: Min chip rev:     v0.0[0m
[0;32mI (272) cpu_start: Max chip rev:     v3.99 [0m
[0;32mI (277) cpu_start: Chip rev:         v3.0[0m
[0;32mI (282) heap_init: Initializing. RAM available for dynamic allocation:[0m
[0;32mI (289) heap_init: At 3FFAE6E0 len 00001920 (6 KiB): DRAM[0m
[0;32mI (295) heap_init: At 3FFB2A18 len 0002D5E8 (181 KiB): DRAM[0m
[0;32mI (301) heap_init: At 3FFE0440 len 00003AE0 (14 KiB): D/IRAM[0m
[0;32mI (307) heap_init: At 3FFE4350 len 0001BCB0 (111 KiB): D/IRAM[0m
[0;32mI (314) heap_init: At 4008CD84 len 0001327C (76 KiB): IRAM[0m
[0;32mI (321) spi_flash: detected chip: generic[0m
[0;32mI (325) spi_flash: flash io: dio[0m
[0;33mW (329) spi_flash: Detected size(4096k) larger than the size in the binary image header(2048k). Using the size in the binary image header.[0m
[0;32mI (342) app_start: Starting scheduler on CPU0[0m
[0;32mI (347) app_start: Starting scheduler on CPU1[0m
[0;32mI (347) main_task: Started on CPU0[0m
[0;32mI (357) main_task: Calling app_main()[0m
Enabling timer wakeup, 20s
Wake up from timer. Time spent in deep sleep: 2364ms	
Entering deep sleep
ets Jul 29 2019 12:21:46

rst:0x5 (DEEPSLEEP_RESET),boot:0x13 (SPI_FAST_FLASH_BOOT)
configsip: 0, SPIWP:0xee
clk_drv:0x00,q_drv:0x00,d_drv:0x00,cs0_drv:0x00,hd_drv:0x00,wp_drv:0x00
mode:DIO, clock div:2
load:0x3fff0030,len:7132
ho 0 tail 12 room 4
load:0x40078000,len:15672
ho 0 tail 12 room 4
load:0x40080400,len:4
load:0x40080404,len:3884
entry 0x40080650
[0;32mI (33) boot: ESP-IDF v5.2-dev-1128-g03d4fa2869 2nd stage bootloader[0m
[0;32mI (33) boot: compile time Sep 13 2023 05:50:47[0m
[0;32mI (35) boot: Multicore bootloader[0m
[0;32mI (39) boot: chip revision: v3.0[0m
[0;32mI (43) boot.esp32: SPI Speed      : 40MHz[0m
[0;32mI (48) boot.esp32: SPI Mode       : DIO[0m
[0;32mI (52) boot.esp32: SPI Flash Size : 2MB[0m
[0;32mI (57) boot: Enabling RNG early entropy source...[0m
[0;32mI (62) boot: Partition Table:[0m
[0;32mI (66) boot: ## Label            Usage          Type ST Offset   Length[0m
[0;32mI (73) boot:  0 nvs              WiFi data        01 02 00009000 00006000[0m
[0;32mI (80) boot:  1 phy_init         RF data          01 01 0000f000 00001000[0m
[0;32mI (88) boot:  2 factory          factory app      00 00 00010000 00100000[0m
[0;32mI (95) boot: End of partition table[0m
[0;32mI (99) esp_image: segment 0: paddr=00010020 vaddr=3f400020 size=09a78h ( 39544) map[0m
[0;32mI (122) esp_image: segment 1: paddr=00019aa0 vaddr=3ff80063 size=00008h (     8) [0m
[0;32mI (123) esp_image: segment 2: paddr=00019ab0 vaddr=3ffb0000 size=02198h (  8600) load[0m
[0;32mI (131) esp_image: segment 3: paddr=0001bc50 vaddr=40080000 size=043c8h ( 17352) load[0m
[0;32mI (143) esp_image: segment 4: paddr=00020020 vaddr=400d0020 size=13fb8h ( 81848) map[0m
[0;32mI (174) esp_image: segment 5: paddr=00033fe0 vaddr=400843c8 size=089bch ( 35260) load[0m
[0;32mI (189) esp_image: segment 6: paddr=0003c9a4 vaddr=400c0000 size=00064h (   100) [0m
[0;32mI (189) esp_image: segment 7: paddr=0003ca10 vaddr=50000000 size=00010h (    16) [0m
[0;32mI (201) boot: Loaded app from partition at offset 0x10000[0m
[0;32mI (201) boot: Disabling RNG early entropy source...[0m
[0;32mI (217) cpu_start: Multicore app[0m
[0;32mI (217) cpu_start: Pro cpu up.[0m
[0;32mI (217) cpu_start: Starting app cpu, entry point is 0x40081164[0m
[0;32mI (0) cpu_start: App cpu up.[0m
[0;32mI (235) cpu_start: Pro cpu start user code[0m
[0;32mI (235) cpu_start: cpu freq: 160000000 Hz[0m
[0;32mI (235) cpu_start: Application information:[0m
[0;32mI (240) cpu_start: Project name:     lab10[0m
[0;32mI (245) cpu_start: App version:      1[0m
[0;32mI (249) cpu_start: Compile time:     Sep 13 2023 05:50:47[0m
[0;32mI (255) cpu_start: ELF file SHA256:  3257310ff...[0m
[0;32mI (261) cpu_start: ESP-IDF:          v5.2-dev-1128-g03d4fa2869[0m
[0;32mI (267) cpu_start: Min chip rev:     v0.0[0m
[0;32mI (272) cpu_start: Max chip rev:     v3.99 [0m
[0;32mI (277) cpu_start: Chip rev:         v3.0[0m
[0;32mI (282) heap_init: Initializing. RAM available for dynamic allocation:[0m
[0;32mI (289) heap_init: At 3FFAE6E0 len 00001920 (6 KiB): DRAM[0m
[0;32mI (295) heap_init: At 3FFB2A18 len 0002D5E8 (181 KiB): DRAM[0m
[0;32mI (301) heap_init: At 3FFE0440 len 00003AE0 (14 KiB): D/IRAM[0m
[0;32mI (307) heap_init: At 3FFE4350 len 0001BCB0 (111 KiB): D/IRAM[0m
[0;32mI (314) heap_init: At 4008CD84 len 0001327C (76 KiB): IRAM[0m
[0;32mI (321) spi_flash: detected chip: generic[0m
[0;32mI (325) spi_flash: flash io: dio[0m
[0;33mW (329) spi_flash: Detected size(4096k) larger than the size in the binary image header(2048k). Using the size in the binary image header.[0m
[0;32mI (342) app_start: Starting scheduler on CPU0[0m
[0;32mI (347) app_start: Starting scheduler on CPU1[0m
[0;32mI (347) main_task: Started on CPU0[0m
[0;32mI (357) main_task: Calling app_main()[0m
Enabling timer wakeup, 20s
Wake up from timer. Time spent in deep sleep: 2363ms	
Entering deep sleep
ets Jul 29 2019 12:21:46

rst:0x5 (DEEPSLEEP_RESET),boot:0x13 (SPI_FAST_FLASH_BOOT)
configsip: 0, SPIWP:0xee
clk_drv:0x00,q_drv:0x00,d_drv:0x00,cs0_drv:0x00,hd_drv:0x00,wp_drv:0x00
mode:DIO, clock div:2
load:0x3fff0030,len:7132
ho 0 tail 12 room 4
load:0x40078000,len:15672
ho 0 tail 12 room 4
load:0x40080400,len:4
load:0x40080404,len:3884
entry 0x40080650
[0;32mI (33) boot: ESP-IDF v5.2-dev-1128-g03d4fa2869 2nd stage bootloader[0m
[0;32mI (33) boot: compile time Sep 13 2023 05:50:47[0m
[0;32mI (35) boot: Multicore bootloader[0m
[0;32mI (39) boot: chip revision: v3.0[0m
[0;32mI (43) boot.esp32: SPI Speed      : 40MHz[0m
[0;32mI (47) boot.esp32: SPI Mode       : DIO[0m
[0;32mI (52) boot.esp32: SPI Flash Size : 2MB[0m
[0;32mI (57) boot: Enabling RNG early entropy source...[0m
[0;32mI (62) boot: Partition Table:[0m
[0;32mI (66) boot: ## Label            Usage          Type ST Offset   Length[0m
[0;32mI (73) boot:  0 nvs              WiFi data        01 02 00009000 00006000[0m
[0;32mI (80) boot:  1 phy_init         RF data          01 01 0000f000 00001000[0m
[0;32mI (88) boot:  2 factory          factory app      00 00 00010000 00100000[0m
[0;32mI (95) boot: End of partition table[0m
[0;32mI (99) esp_image: segment 0: paddr=00010020 vaddr=3f400020 size=09a78h ( 39544) map[0m
[0;32mI (122) esp_image: segment 1: paddr=00019aa0 vaddr=3ff80063 size=00008h (     8) [0m
[0;32mI (123) esp_image: segment 2: paddr=00019ab0 vaddr=3ffb0000 size=02198h (  8600) load[0m
[0;32mI (131) esp_image: segment 3: paddr=0001bc50 vaddr=40080000 size=043c8h ( 17352) load[0m
[0;32mI (143) esp_image: segment 4: paddr=00020020 vaddr=400d0020 size=13fb8h ( 81848) map[0m
[0;32mI (174) esp_image: segment 5: paddr=00033fe0 vaddr=400843c8 size=089bch ( 35260) load[0m
[0;32mI (189) esp_image: segment 6: paddr=0003c9a4 vaddr=400c0000 size=00064h (   100) [0m
[0;32mI (189) esp_image: segment 7: paddr=0003ca10 vaddr=50000000 size=00010h (    16) [0m
[0;32mI (201) boot: Loaded app from partition at offset 0x10000[0m
[0;32mI (201) boot: Disabling RNG early entropy source...[0m
[0;32mI (217) cpu_start: Multicore app[0m
[0;32mI (217) cpu_start: Pro cpu up.[0m
[0;32mI (217) cpu_start: Starting app cpu, entry point is 0x40081164[0m
[0;32mI (0) cpu_start: App cpu up.[0m
[0;32mI (235) cpu_start: Pro cpu start user code[0m
[0;32mI (235) cpu_start: cpu freq: 160000000 Hz[0m
[0;32mI (235) cpu_start: Application information:[0m
[0;32mI (240) cpu_start: Project name:     lab10[0m
[0;32mI (245) cpu_start: App version:      1[0m
[0;32mI (249) cpu_start: Compile time:     Sep 13 2023 05:50:47[0m
[0;32mI (255) cpu_start: ELF file SHA256:  3257310ff...[0m
[0;32mI (261) cpu_start: ESP-IDF:          v5.2-dev-1128-g03d4fa2869[0m
[0;32mI (267) cpu_start: Min chip rev:     v0.0[0m
[0;32mI (272) cpu_start: Max chip rev:     v3.99 [0m
[0;32mI (277) cpu_start: Chip rev:         v3.0[0m
[0;32mI (282) heap_init: Initializing. RAM available for dynamic allocation:[0m
[0;32mI (289) heap_init: At 3FFAE6E0 len 00001920 (6 KiB): DRAM[0m
[0;32mI (295) heap_init: At 3FFB2A18 len 0002D5E8 (181 KiB): DRAM[0m
[0;32mI (301) heap_init: At 3FFE0440 len 00003AE0 (14 KiB): D/IRAM[0m
[0;32mI (307) heap_init: At 3FFE4350 len 0001BCB0 (111 KiB): D/IRAM[0m
[0;32mI (314) heap_init: At 4008CD84 len 0001327C (76 KiB): IRAM[0m
[0;32mI (321) spi_flash: detected chip: generic[0m
[0;32mI (325) spi_flash: flash io: dio[0m
[0;33mW (329) spi_flash: Detected size(4096k) larger than the size in the binary image header(2048k). Using the size in the binary image header.[0m
[0;32mI (342) app_start: Starting scheduler on CPU0[0m
[0;32mI (347) app_start: Starting scheduler on CPU1[0m
[0;32mI (347) main_task: Started on CPU0[0m
[0;32mI (357) main_task: Calling app_main()[0m
Enabling timer wakeup, 20s
Wake up from timer. Time spent in deep sleep: 2363ms	
Entering deep sleep
ets Jul 29 2019 12:21:46

rst:0x5 (DEEPSLEEP_RESET),boot:0x13 (SPI_FAST_FLASH_BOOT)
configsip: 0, SPIWP:0xee
clk_drv:0x00,q_drv:0x00,d_drv:0x00,cs0_drv:0x00,hd_drv:0x00,wp_drv:0x00
mode:DIO, clock div:2
load:0x3fff0030,len:7132
ho 0 tail 12 room 4
load:0x40078000,len:15672
ho 0 tail 12 room 4
load:0x40080400,len:4
load:0x40080404,len:3884
entry 0x40080650
[0;32mI (33) boot: ESP-IDF v5.2-dev-1128-g03d4fa2869 2nd stage bootloader[0m
[0;32mI (33) boot: compile time Sep 13 2023 05:50:47[0m
[0;32mI (35) boot: Multicore bootloader[0m
[0;32mI (39) boot: chip revision: v3.0[0m
[0;32mI (43) boot.esp32: SPI Speed      : 40MHz[0m
[0;32mI (47) boot.esp32: SPI Mode       : DIO[0m
[0;32mI (52) boot.esp32: SPI Flash Size : 2MB[0m
[0;32mI (57) boot: Enabling RNG early entropy source...[0m
[0;32mI (62) boot: Partition Table:[0m
[0;32mI (66) boot: ## Label            Usage          Type ST Offset   Length[0m
[0;32mI (73) boot:  0 nvs              WiFi data        01 02 00009000 00006000[0m
[0;32mI (80) boot:  1 phy_init         RF data          01 01 0000f000 00001000[0m
[0;32mI (88) boot:  2 factory          factory app      00 00 00010000 00100000[0m
[0;32mI (95) boot: End of partition table[0m
[0;32mI (99) esp_image: segment 0: paddr=00010020 vaddr=3f400020 size=09a78h ( 39544) map[0m
[0;32mI (122) esp_image: segment 1: paddr=00019aa0 vaddr=3ff80063 size=00008h (     8) [0m
[0;32mI (123) esp_image: segment 2: paddr=00019ab0 vaddr=3ffb0000 size=02198h (  8600) load[0m
[0;32mI (131) esp_image: segment 3: paddr=0001bc50 vaddr=40080000 size=043c8h ( 17352) load[0m
[0;32mI (143) esp_image: segment 4: paddr=00020020 vaddr=400d0020 size=13fb8h ( 81848) map[0m
[0;32mI (174) esp_image: segment 5: paddr=00033fe0 vaddr=400843c8 size=089bch ( 35260) load[0m
[0;32mI (189) esp_image: segment 6: paddr=0003c9a4 vaddr=400c0000 size=00064h (   100) [0m
[0;32mI (189) esp_image: segment 7: paddr=0003ca10 vaddr=50000000 size=00010h (    16) [0m
[0;32mI (201) boot: Loaded app from partition at offset 0x10000[0m
[0;32mI (201) boot: Disabling RNG early entropy source...[0m
[0;32mI (217) cpu_start: Multicore app[0m
[0;32mI (217) cpu_start: Pro cpu up.[0m
[0;32mI (217) cpu_start: Starting app cpu, entry point is 0x40081164[0m
[0;32mI (0) cpu_start: App cpu up.[0m
[0;32mI (235) cpu_start: Pro cpu start user code[0m
[0;32mI (235) cpu_start: cpu freq: 160000000 Hz[0m
[0;32mI (235) cpu_start: Application information:[0m
[0;32mI (240) cpu_start: Project name:     lab10[0m
[0;32mI (245) cpu_start: App version:      1[0m
[0;32mI (249) cpu_start: Compile time:     Sep 13 2023 05:50:47[0m
[0;32mI (255) cpu_start: ELF file SHA256:  3257310ff...[0m
[0;32mI (261) cpu_start: ESP-IDF:          v5.2-dev-1128-g03d4fa2869[0m
[0;32mI (267) cpu_start: Min chip rev:     v0.0[0m
[0;32mI (272) cpu_start: Max chip rev:     v3.99 [0m
[0;32mI (277) cpu_start: Chip rev:         v3.0[0m
[0;32mI (282) heap_init: Initializing. RAM available for dynamic allocation:[0m
[0;32mI (289) heap_init: At 3FFAE6E0 len 00001920 (6 KiB): DRAM[0m
[0;32mI (295) heap_init: At 3FFB2A18 len 0002D5E8 (181 KiB): DRAM[0m
[0;32mI (301) heap_init: At 3FFE0440 len 00003AE0 (14 KiB): D/IRAM[0m
[0;32mI (307) heap_init: At 3FFE4350 len 0001BCB0 (111 KiB): D/IRAM[0m
[0;32mI (314) heap_init: At 4008CD84 len 0001327C (76 KiB): IRAM[0m
[0;32mI (321) spi_flash: detected chip: generic[0m
[0;32mI (325) spi_flash: flash io: dio[0m
[0;33mW (329) spi_flash: Detected size(4096k) larger than the size in the binary image header(2048k). Using the size in the binary image header.[0m
[0;32mI (342) app_start: Starting scheduler on CPU0[0m
[0;32mI (347) app_start: Starting scheduler on CPU1[0m
[0;32mI (347) main_task: Started on CPU0[0m
[0;32mI (357) main_task: Calling app_main()[0m
Enabling timer wakeup, 20s
Wake up from timer. Time spent in deep sleep: 2364ms	
Entering deep sleep
ets Jul 29 2019 12:21:46

rst:0x5 (DEEPSLEEP_RESET),boot:0x13 (SPI_FAST_FLASH_BOOT)
configsip: 0, SPIWP:0xee
clk_drv:0x00,q_drv:0x00,d_drv:0x00,cs0_drv:0x00,hd_drv:0x00,wp_drv:0x00
mode:DIO, clock div:2
load:0x3fff0030,len:7132
ho 0 tail 12 room 4
load:0x40078000,len:15672
ho 0 tail 12 room 4
load:0x40080400,len:4
load:0x40080404,len:3884
entry 0x40080650
[0;32mI (33) boot: ESP-IDF v5.2-dev-1128-g03d4fa2869 2nd stage bootloader[0m
[0;32mI (33) boot: compile time Sep 13 2023 05:50:47[0m
[0;32mI (35) boot: Multicore bootloader[0m
[0;32mI (39) boot: chip revision: v3.0[0m
[0;32mI (43) boot.esp32: SPI Speed      : 40MHz[0m
[0;32mI (48) boot.esp32: SPI Mode       : DIO[0m
[0;32mI (52) boot.esp32: SPI Flash Size : 2MB[0m
[0;32mI (57) boot: Enabling RNG early entropy source...[0m
[0;32mI (62) boot: Partition Table:[0m
[0;32mI (66) boot: ## Label            Usage          Type ST Offset   Length[0m
[0;32mI (73) boot:  0 nvs              WiFi data        01 02 00009000 00006000[0m
[0;32mI (80) boot:  1 phy_init         RF data          01 01 0000f000 00001000[0m
[0;32mI (88) boot:  2 factory          factory app      00 00 00010000 00100000[0m
[0;32mI (95) boot: End of partition table[0m
[0;32mI (99) esp_image: segment 0: paddr=00010020 vaddr=3f400020 size=09a78h ( 39544) map[0m
[0;32mI (122) esp_image: segment 1: paddr=00019aa0 vaddr=3ff80063 size=00008h (     8) [0m
[0;32mI (123) esp_image: segment 2: paddr=00019ab0 vaddr=3ffb0000 size=02198h (  8600) load[0m
[0;32mI (131) esp_image: segment 3: paddr=0001bc50 vaddr=40080000 size=043c8h ( 17352) load[0m
[0;32mI (143) esp_image: segment 4: paddr=00020020 vaddr=400d0020 size=13fb8h ( 81848) map[0m
[0;32mI (174) esp_image: segment 5: paddr=00033fe0 vaddr=400843c8 size=089bch ( 35260) load[0m
[0;32mI (189) esp_image: segment 6: paddr=0003c9a4 vaddr=400c0000 size=00064h (   100) [0m
[0;32mI (189) esp_image: segment 7: paddr=0003ca10 vaddr=50000000 size=00010h (    16) [0m
[0;32mI (201) boot: Loaded app from partition at offset 0x10000[0m
[0;32mI (201) boot: Disabling RNG early entropy source...[0m
[0;32mI (217) cpu_start: Multicore app[0m
[0;32mI (217) cpu_start: Pro cpu up.[0m
[0;32mI (217) cpu_start: Starting app cpu, entry point is 0x40081164[0m
[0;32mI (0) cpu_start: App cpu up.[0m
[0;32mI (235) cpu_start: Pro cpu start user code[0m
[0;32mI (235) cpu_start: cpu freq: 160000000 Hz[0m
[0;32mI (235) cpu_start: Application information:[0m
[0;32mI (240) cpu_start: Project name:     lab10[0m
[0;32mI (245) cpu_start: App version:      1[0m
[0;32mI (249) cpu_start: Compile time:     Sep 13 2023 05:50:47[0m
[0;32mI (255) cpu_start: ELF file SHA256:  3257310ff...[0m
[0;32mI (261) cpu_start: ESP-IDF:          v5.2-dev-1128-g03d4fa2869[0m
[0;32mI (267) cpu_start: Min chip rev:     v0.0[0m
[0;32mI (272) cpu_start: Max chip rev:     v3.99 [0m
[0;32mI (277) cpu_start: Chip rev:         v3.0[0m
[0;32mI (282) heap_init: Initializing. RAM available for dynamic allocation:[0m
[0;32mI (289) heap_init: At 3FFAE6E0 len 00001920 (6 KiB): DRAM[0m
[0;32mI (295) heap_init: At 3FFB2A18 len 0002D5E8 (181 KiB): DRAM[0m
[0;32mI (301) heap_init: At 3FFE0440 len 00003AE0 (14 KiB): D/IRAM[0m
[0;32mI (307) heap_init: At 3FFE4350 len 0001BCB0 (111 KiB): D/IRAM[0m
[0;32mI (314) heap_init: At 4008CD84 len 0001327C (76 KiB): IRAM[0m
[0;32mI (321) spi_flash: detected chip: generic[0m
[0;32mI (325) spi_flash: flash io: dio[0m
[0;33mW (329) spi_flash: Detected size(4096k) larger than the size in the binary image header(2048k). Using the size in the binary image header.[0m
[0;32mI (342) app_start: Starting scheduler on CPU0[0m
[0;32mI (347) app_start: Starting scheduler on CPU1[0m
[0;32mI (347) main_task: Started on CPU0[0m
[0;32mI (357) main_task: Calling app_main()[0m
Enabling timer wakeup, 20s
Wake up from timer. Time spent in deep sleep: 2363ms	
Entering deep sleep
ets Jul 29 2019 12:21:46

rst:0x5 (DEEPSLEEP_RESET),boot:0x13 (SPI_FAST_FLASH_BOOT)
configsip: 0, SPIWP:0xee
clk_drv:0x00,q_drv:0x00,d_drv:0x00,cs0_drv:0x00,hd_drv:0x00,wp_drv:0x00
mode:DIO, clock div:2
load:0x3fff0030,len:7132
ho 0 tail 12 room 4
load:0x40078000,len:15672
ho 0 tail 12 room 4
load:0x40080400,len:4
load:0x40080404,len:3884
entry 0x40080650
[0;32mI (33) boot: ESP-IDF v5.2-dev-1128-g03d4fa2869 2nd stage bootloader[0m
[0;32mI (33) boot: compile time Sep 13 2023 05:50:47[0m
[0;32mI (35) boot: Multicore bootloader[0m
[0;32mI (39) boot: chip revision: v3.0[0m
[0;32mI (43) boot.esp32: SPI Speed      : 40MHz[0m
[0;32mI (47) boot.esp32: SPI Mode       : DIO[0m
[0;32mI (52) boot.esp32: SPI Flash Size : 2MB[0m
[0;32mI (57) boot: Enabling RNG early entropy source...[0m
[0;32mI (62) boot: Partition Table:[0m
[0;32mI (66) boot: ## Label            Usage          Type ST Offset   Length[0m
[0;32mI (73) boot:  0 nvs              WiFi data        01 02 00009000 00006000[0m
[0;32mI (80) boot:  1 phy_init         RF data          01 01 0000f000 00001000[0m
[0;32mI (88) boot:  2 factory          factory app      00 00 00010000 00100000[0m
[0;32mI (95) boot: End of partition table[0m
[0;32mI (99) esp_image: segment 0: paddr=00010020 vaddr=3f400020 size=09a78h ( 39544) map[0m
[0;32mI (122) esp_image: segment 1: paddr=00019aa0 vaddr=3ff80063 size=00008h (     8) [0m
[0;32mI (123) esp_image: segment 2: paddr=00019ab0 vaddr=3ffb0000 size=02198h (  8600) load[0m
[0;32mI (131) esp_image: segment 3: paddr=0001bc50 vaddr=40080000 size=043c8h ( 17352) load[0m
[0;32mI (143) esp_image: segment 4: paddr=00020020 vaddr=400d0020 size=13fb8h ( 81848) map[0m
[0;32mI (174) esp_image: segment 5: paddr=00033fe0 vaddr=400843c8 size=089bch ( 35260) load[0m
[0;32mI (189) esp_image: segment 6: paddr=0003c9a4 vaddr=400c0000 size=00064h (   100) [0m
[0;32mI (189) esp_image: segment 7: paddr=0003ca10 vaddr=50000000 size=00010h (    16) [0m
[0;32mI (201) boot: Loaded app from partition at offset 0x10000[0m
[0;32mI (201) boot: Disabling RNG early entropy source...[0m
[0;32mI (217) cpu_start: Multicore app[0m
[0;32mI (217) cpu_start: Pro cpu up.[0m
[0;32mI (217) cpu_start: Starting app cpu, entry point is 0x40081164[0m
[0;32mI (0) cpu_start: App cpu up.[0m
[0;32mI (235) cpu_start: Pro cpu start user code[0m
[0;32mI (235) cpu_start: cpu freq: 160000000 Hz[0m
[0;32mI (235) cpu_start: Application information:[0m
[0;32mI (240) cpu_start: Project name:     lab10[0m
[0;32mI (245) cpu_start: App version:      1[0m
[0;32mI (249) cpu_start: Compile time:     Sep 13 2023 05:50:47[0m
[0;32mI (255) cpu_start: ELF file SHA256:  3257310ff...[0m
[0;32mI (261) cpu_start: ESP-IDF:          v5.2-dev-1128-g03d4fa2869[0m
[0;32mI (267) cpu_start: Min chip rev:     v0.0[0m
[0;32mI (272) cpu_start: Max chip rev:     v3.99 [0m
[0;32mI (277) cpu_start: Chip rev:         v3.0[0m
[0;32mI (282) heap_init: Initializing. RAM available for dynamic allocation:[0m
[0;32mI (289) heap_init: At 3FFAE6E0 len 00001920 (6 KiB): DRAM[0m
[0;32mI (295) heap_init: At 3FFB2A18 len 0002D5E8 (181 KiB): DRAM[0m
[0;32mI (301) heap_init: At 3FFE0440 len 00003AE0 (14 KiB): D/IRAM[0m
[0;32mI (307) heap_init: At 3FFE4350 len 0001BCB0 (111 KiB): D/IRAM[0m
[0;32mI (314) heap_init: At 4008CD84 len 0001327C (76 KiB): IRAM[0m
[0;32mI (321) spi_flash: detected chip: generic[0m
[0;32mI (325) spi_flash: flash io: dio[0m
[0;33mW (329) spi_flash: Detected size(4096k) larger than the size in the binary image header(2048k). Using the size in the binary image header.[0m
[0;32mI (342) app_start: Starting scheduler on CPU0[0m
[0;32mI (347) app_start: Starting scheduler on CPU1[0m
[0;32mI (347) main_task: Started on CPU0[0m
[0;32mI (357) main_task: Calling app_main()[0m
Enabling timer wakeup, 20s
Wake up from timer. Time spent in deep sleep: 2364ms	
Entering deep sleep
ets Jul 29 2019 12:21:46

rst:0x5 (DEEPSLEEP_RESET),boot:0x13 (SPI_FAST_FLASH_BOOT)
configsip: 0, SPIWP:0xee
clk_drv:0x00,q_drv:0x00,d_drv:0x00,cs0_drv:0x00,hd_drv:0x00,wp_drv:0x00
mode:DIO, clock div:2
load:0x3fff0030,len:7132
ho 0 tail 12 room 4
load:0x40078000,len:15672
ho 0 tail 12 room 4
load:0x40080400,len:4
load:0x40080404,len:3884
entry 0x40080650
[0;32mI (33) boot: ESP-IDF v5.2-dev-1128-g03d4fa2869 2nd stage bootloader[0m
[0;32mI (33) boot: compile time Sep 13 2023 05:50:47[0m
[0;32mI (35) boot: Multicore bootloader[0m
[0;32mI (39) boot: chip revision: v3.0[0m
[0;32mI (43) boot.esp32: SPI Speed      : 40MHz[0m
[0;32mI (48) boot.esp32: SPI Mode       : DIO[0m
[0;32mI (52) boot.esp32: SPI Flash Size : 2MB[0m
[0;32mI (57) boot: Enabling RNG early entropy source...[0m
[0;32mI (62) boot: Partition Table:[0m
[0;32mI (66) boot: ## Label            Usage          Type ST Offset   Length[0m
[0;32mI (73) boot:  0 nvs              WiFi data        01 02 00009000 00006000[0m
[0;32mI (80) boot:  1 phy_init         RF data          01 01 0000f000 00001000[0m
[0;32mI (88) boot:  2 factory          factory app      00 00 00010000 00100000[0m
[0;32mI (95) boot: End of partition table[0m
[0;32mI (99) esp_image: segment 0: paddr=00010020 vaddr=3f400020 size=09a78h ( 39544) map[0m
[0;32mI (122) esp_image: segment 1: paddr=00019aa0 vaddr=3ff80063 size=00008h (     8) [0m
[0;32mI (123) esp_image: segment 2: paddr=00019ab0 vaddr=3ffb0000 size=02198h (  8600) load[0m
[0;32mI (131) esp_image: segment 3: paddr=0001bc50 vaddr=40080000 size=043c8h ( 17352) load[0m
[0;32mI (143) esp_image: segment 4: paddr=00020020 vaddr=400d0020 size=13fb8h ( 81848) map[0m
[0;32mI (174) esp_image: segment 5: paddr=00033fe0 vaddr=400843c8 size=089bch ( 35260) load[0m
[0;32mI (189) esp_image: segment 6: paddr=0003c9a4 vaddr=400c0000 size=00064h (   100) [0m
[0;32mI (189) esp_image: segment 7: paddr=0003ca10 vaddr=50000000 size=00010h (    16) [0m
[0;32mI (201) boot: Loaded app from partition at offset 0x10000[0m
[0;32mI (201) boot: Disabling RNG early entropy source...[0m
[0;32mI (217) cpu_start: Multicore app[0m
[0;32mI (217) cpu_start: Pro cpu up.[0m
[0;32mI (217) cpu_start: Starting app cpu, entry point is 0x40081164[0m
[0;32mI (0) cpu_start: App cpu up.[0m
[0;32mI (235) cpu_start: Pro cpu start user code[0m
[0;32mI (235) cpu_start: cpu freq: 160000000 Hz[0m
[0;32mI (235) cpu_start: Application information:[0m
[0;32mI (240) cpu_start: Project name:     lab10[0m
[0;32mI (245) cpu_start: App version:      1[0m
[0;32mI (249) cpu_start: Compile time:     Sep 13 2023 05:50:47[0m
[0;32mI (255) cpu_start: ELF file SHA256:  3257310ff...[0m
[0;32mI (261) cpu_start: ESP-IDF:          v5.2-dev-1128-g03d4fa2869[0m
[0;32mI (267) cpu_start: Min chip rev:     v0.0[0m
[0;32mI (272) cpu_start: Max chip rev:     v3.99 [0m
[0;32mI (277) cpu_start: Chip rev:         v3.0[0m
[0;32mI (282) heap_init: Initializing. RAM available for dynamic allocation:[0m
[0;32mI (289) heap_init: At 3FFAE6E0 len 00001920 (6 KiB): DRAM[0m
[0;32mI (295) heap_init: At 3FFB2A18 len 0002D5E8 (181 KiB): DRAM[0m
[0;32mI (301) heap_init: At 3FFE0440 len 00003AE0 (14 KiB): D/IRAM[0m
[0;32mI (307) heap_init: At 3FFE4350 len 0001BCB0 (111 KiB): D/IRAM[0m
[0;32mI (314) heap_init: At 4008CD84 len 0001327C (76 KiB): IRAM[0m
[0;32mI (321) spi_flash: detected chip: generic[0m
[0;32mI (325) spi_flash: flash io: dio[0m
[0;33mW (329) spi_flash: Detected size(4096k) larger than the size in the binary image header(2048k). Using the size in the binary image header.[0m
[0;32mI (342) app_start: Starting scheduler on CPU0[0m
[0;32mI (347) app_start: Starting scheduler on CPU1[0m
[0;32mI (347) main_task: Started on CPU0[0m
[0;32mI (357) main_task: Calling app_main()[0m
Enabling timer wakeup, 20s
Wake up from timer. Time spent in deep sleep: 2363ms	
Entering deep sleep
ets Jul 29 2019 12:21:46

rst:0x1 (POWERON_RESET),boot:0x13 (SPI_FAST_FLASH_BOOT)
configsip: 0, SPIWP:0xee
clk_drv:0x00,q_drv:0x00,d_drv:0x00,cs0_drv:0x00,hd_drv:0x00,wp_drv:0x00
mode:DIO, clock div:2
load:0x3fff0030,len:7132
ho 0 tail 12 room 4
load:0x40078000,len:15672
ho 0 tail 12 room 4
load:0x40080400,len:4
load:0x40080404,len:3884
entry 0x40080650
[0;32mI (33) boot: ESP-IDF v5.2-dev-1128-g03d4fa2869 2nd stage bootloader[0m
[0;32mI (33) boot: compile time Sep 13 2023 05:50:47[0m
[0;32mI (35) boot: Multicore bootloader[0m
[0;32mI (39) boot: chip revision: v3.0[0m
[0;32mI (43) boot.esp32: SPI Speed      : 40MHz[0m
[0;32mI (47) boot.esp32: SPI Mode       : DIO[0m
[0;32mI (52) boot.esp32: SPI Flash Size : 2MB[0m
[0;32mI (56) boot: Enabling RNG early entropy source...[0m
[0;32mI (62) boot: Partition Table:[0m
[0;32mI (65) boot: ## Label            Usage          Type ST Offset   Length[0m
[0;32mI (73) boot:  0 nvs              WiFi data        01 02 00009000 00006000[0m
[0;32mI (80) boot:  1 phy_init         RF data          01 01 0000f000 00001000[0m
[0;32mI (88) boot:  2 factory          factory app      00 00 00010000 00100000[0m
[0;32mI (95) boot: End of partition table[0m
[0;32mI (99) esp_image: segment 0: paddr=00010020 vaddr=3f400020 size=09a78h ( 39544) map[0m
[0;32mI (122) esp_image: segment 1: paddr=00019aa0 vaddr=3ff80063 size=00008h (     8) load[0m
[0;32mI (122) esp_image: segment 2: paddr=00019ab0 vaddr=3ffb0000 size=02198h (  8600) load[0m
[0;32mI (131) esp_image: segment 3: paddr=0001bc50 vaddr=40080000 size=043c8h ( 17352) load[0m
[0;32mI (144) esp_image: segment 4: paddr=00020020 vaddr=400d0020 size=13fb8h ( 81848) map[0m
[0;32mI (174) esp_image: segment 5: paddr=00033fe0 vaddr=400843c8 size=089bch ( 35260) load[0m
[0;32mI (189) esp_image: segment 6: paddr=0003c9a4 vaddr=400c0000 size=00064h (   100) load[0m
[0;32mI (190) esp_image: segment 7: paddr=0003ca10 vaddr=50000000 size=00010h (    16) load[0m
[0;32mI (202) boot: Loaded app from partition at offset 0x10000[0m
[0;32mI (202) boot: Disabling RNG early entropy source...[0m
[0;32mI (218) cpu_start: Multicore app[0m
[0;32mI (218) cpu_start: Pro cpu up.[0m
[0;32mI (218) cpu_start: Starting app cpu, entry point is 0x40081164[0m
[0;32mI (0) cpu_start: App cpu up.[0m
[0;32mI (236) cpu_start: Pro cpu start user code[0m
[0;32mI (236) cpu_start: cpu freq: 160000000 Hz[0m
[0;32mI (236) cpu_start: Application information:[0m
[0;32mI (241) cpu_start: Project name:     lab10[0m
[0;32mI (246) cpu_start: App version:      1[0m
[0;32mI (250) cpu_start: Compile time:     Sep 13 2023 05:50:47[0m
[0;32mI (256) cpu_start: ELF file SHA256:  3257310ff...[0m
[0;32mI (262) cpu_start: ESP-IDF:          v5.2-dev-1128-g03d4fa2869[0m
[0;32mI (268) cpu_start: Min chip rev:     v0.0[0m
[0;32mI (273) cpu_start: Max chip rev:     v3.99 [0m
[0;32mI (278) cpu_start: Chip rev:         v3.0[0m
[0;32mI (283) heap_init: Initializing. RAM available for dynamic allocation:[0m
[0;32mI (290) heap_init: At 3FFAE6E0 len 00001920 (6 KiB): DRAM[0m
[0;32mI (296) heap_init: At 3FFB2A18 len 0002D5E8 (181 KiB): DRAM[0m
[0;32mI (302) heap_init: At 3FFE0440 len 00003AE0 (14 KiB): D/IRAM[0m
[0;32mI (308) heap_init: At 3FFE4350 len 0001BCB0 (111 KiB): D/IRAM[0m
[0;32mI (315) heap_init: At 4008CD84 len 0001327C (76 KiB): IRAM[0m
[0;32mI (322) spi_flash: detected chip: generic[0m
[0;32mI (326) spi_flash: flash io: dio[0m
[0;33mW (329) spi_flash: Detected size(4096k) larger than the size in the binary image header(2048k). Using the size in the binary image header.[0m
[0;32mI (343) app_start: Starting scheduler on CPU0[0m
[0;32mI (348) app_start: Starting scheduler on CPU1[0m
[0;32mI (348) main_task: Started on CPU0[0m
[0;32mI (358) main_task: Calling app_main()[0m
Enabling timer wakeup, 20s
Not a deep sleep reset
Entering deep sleep
ets Jul 29 2019 12:21:46

rst:0x1 (POWERON_RESET),boot:0x13 (SPI_FAST_FLASH_BOOT)
configsip: 0, SPIWP:0xee
clk_drv:0x00,q_drv:0x00,d_drv:0x00,cs0_drv:0x00,hd_drv:0x00,wp_drv:0x00
mode:DIO, clock div:2
load:0x3fff0030,len:7132
ho 0 tail 12 room 4
load:0x40078000,len:15672
ho 0 tail 12 room 4
load:0x40080400,len:4
load:0x40080404,len:3884
entry 0x40080650
[0;32mI (33) boot: ESP-IDF v5.2-dev-1128-g03d4fa2869 2nd stage bootloader[0m
[0;32mI (33) boot: compile time Sep 13 2023 05:50:47[0m
[0;32mI (35) boot: Multicore bootloader[0m
[0;32mI (39) boot: chip revision: v3.0[0m
[0;32mI (43) boot.esp32: SPI Speed      : 40MHz[0m
[0;32mI (47) boot.esp32: SPI Mode       : DIO[0m
[0;32mI (52) boot.esp32: SPI Flash Size : 2MB[0m
[0;32mI (56) boot: Enabling RNG early entropy source...[0m
[0;32mI (62) boot: Partition Table:[0m
[0;32mI (65) boot: ## Label            Usage          Type ST Offset   Length[0m
[0;32mI (73) boot:  0 nvs              WiFi data        01 02 00009000 00006000[0m
[0;32mI (80) boot:  1 phy_init         RF data          01 01 0000f000 00001000[0m
[0;32mI (88) boot:  2 factory          factory app      00 00 00010000 00100000[0m
[0;32mI (95) boot: End of partition table[0m
[0;32mI (99) esp_image: segment 0: paddr=00010020 vaddr=3f400020 size=09a78h ( 39544) map[0m
[0;32mI (122) esp_image: segment 1: paddr=00019aa0 vaddr=3ff80063 size=00008h (     8) load[0m
[0;32mI (122) esp_image: segment 2: paddr=00019ab0 vaddr=3ffb0000 size=02198h (  8600) load[0m
[0;32mI (131) esp_image: segment 3: paddr=0001bc50 vaddr=40080000 size=043c8h ( 17352) load[0m
[0;32mI (144) esp_image: segment 4: paddr=00020020 vaddr=400d0020 size=13fb8h ( 81848) map[0m
[0;32mI (174) esp_image: segment 5: paddr=00033fe0 vaddr=400843c8 size=089bch ( 35260) load[0m
[0;32mI (189) esp_image: segment 6: paddr=0003c9a4 vaddr=400c0000 size=00064h (   100) load[0m
[0;32mI (190) esp_image: segment 7: paddr=0003ca10 vaddr=50000000 size=00010h (    16) load[0m
[0;32mI (202) boot: Loaded app from partition at offset 0x10000[0m
[0;32mI (202) boot: Disabling RNG early entropy source...[0m
[0;32mI (218) cpu_start: Multicore app[0m
[0;32mI (218) cpu_start: Pro cpu up.[0m
[0;32mI (218) cpu_start: Starting app cpu, entry point is 0x40081164[0m
[0;32mI (0) cpu_start: App cpu up.[0m
[0;32mI (236) cpu_start: Pro cpu start user code[0m
[0;32mI (236) cpu_start: cpu freq: 160000000 Hz[0m
[0;32mI (236) cpu_start: Application information:[0m
[0;32mI (241) cpu_start: Project name:     lab10[0m
[0;32mI (246) cpu_start: App version:      1[0m
[0;32mI (250) cpu_start: Compile time:     Sep 13 2023 05:50:47[0m
[0;32mI (256) cpu_start: ELF file SHA256:  3257310ff...[0m
[0;32mI (262) cpu_start: ESP-IDF:          v5.2-dev-1128-g03d4fa2869[0m
[0;32mI (268) cpu_start: Min chip rev:     v0.0[0m
[0;32mI (273) cpu_start: Max chip rev:     v3.99 [0m
[0;32mI (278) cpu_start: Chip rev:         v3.0[0m
[0;32mI (283) heap_init: Initializing. RAM available for dynamic allocation:[0m
[0;32mI (290) heap_init: At 3FFAE6E0 len 00001920 (6 KiB): DRAM[0m
[0;32mI (296) heap_init: At 3FFB2A18 len 0002D5E8 (181 KiB): DRAM[0m
[0;32mI (302) heap_init: At 3FFE0440 len 00003AE0 (14 KiB): D/IRAM[0m
[0;32mI (308) heap_init: At 3FFE4350 len 0001BCB0 (111 KiB): D/IRAM[0m
[0;32mI (315) heap_init: At 4008CD84 len 0001327C (76 KiB): IRAM[0m
[0;32mI (322) spi_flash: detected chip: generic[0m
[0;32mI (326) spi_flash: flash io: dio[0m
[0;33mW (329) spi_flash: Detected size(4096k) larger than the size in the binary image header(2048k). Using the size in the binary image header.[0m
[0;32mI (343) app_start: Starting scheduler on CPU0[0m
[0;32mI (348) app_start: Starting scheduler on CPU1[0m
[0;32mI (348) main_task: Started on CPU0[0m
[0;32mI (358) main_task: Calling app_main()[0m
Enabling timer wakeup, 20s
Not a deep sleep reset
Entering deep sleep
ets Jul 29 2019 12:21:46

rst:0x1 (POWERON_RESET),boot:0x13 (SPI_FAST_FLASH_BOOT)
configsip: 0, SPIWP:0xee
clk_drv:0x00,q_drv:0x00,d_drv:0x00,cs0_drv:0x00,hd_drv:0x00,wp_drv:0x00
mode:DIO, clock div:2
load:0x3fff0030,len:7132
ho 0 tail 12 room 4
load:0x40078000,len:15672
ho 0 tail 12 room 4
load:0x40080400,len:4
load:0x40080404,len:3884
entry 0x40080650
[0;32mI (33) boot: ESP-IDF v5.2-dev-1128-g03d4fa2869 2nd stage bootloader[0m
[0;32mI (33) boot: compile time Sep 13 2023 05:50:47[0m
[0;32mI (35) boot: Multicore bootloader[0m
[0;32mI (39) boot: chip revision: v3.0[0m
[0;32mI (43) boot.esp32: SPI Speed      : 40MHz[0m
[0;32mI (47) boot.esp32: SPI Mode       : DIO[0m
[0;32mI (52) boot.esp32: SPI Flash Size : 2MB[0m
[0;32mI (56) boot: Enabling RNG early entropy source...[0m
[0;32mI (62) boot: Partition Table:[0m
[0;32mI (65) boot: ## Label            Usage          Type ST Offset   Length[0m
[0;32mI (73) boot:  0 nvs              WiFi data        01 02 00009000 00006000[0m
[0;32mI (80) boot:  1 phy_init         RF data          01 01 0000f000 00001000[0m
[0;32mI (88) boot:  2 factory          factory app      00 00 00010000 00100000[0m
[0;32mI (95) boot: End of partition table[0m
[0;32mI (99) esp_image: segment 0: paddr=00010020 vaddr=3f400020 size=09a78h ( 39544) map[0m
[0;32mI (122) esp_image: segment 1: paddr=00019aa0 vaddr=3ff80063 size=00008h (     8) load[0m
[0;32mI (122) esp_image: segment 2: paddr=00019ab0 vaddr=3ffb0000 size=02198h (  8600) load[0m
[0;32mI (131) esp_image: segment 3: paddr=0001bc50 vaddr=40080000 size=043c8h ( 17352) load[0m
[0;32mI (144) esp_image: segment 4: paddr=00020020 vaddr=400d0020 size=13fb8h ( 81848) map[0m
[0;32mI (174) esp_image: segment 5: paddr=00033fe0 vaddr=400843c8 size=089bch ( 35260) load[0m
[0;32mI (189) esp_image: segment 6: paddr=0003c9a4 vaddr=400c0000 size=00064h (   100) load[0m
[0;32mI (190) esp_image: segment 7: paddr=0003ca10 vaddr=50000000 size=00010h (    16) load[0m
[0;32mI (202) boot: Loaded app from partition at offset 0x10000[0m
[0;32mI (202) boot: Disabling RNG early entropy source...[0m
[0;32mI (218) cpu_start: Multicore app[0m
[0;32mI (218) cpu_start: Pro cpu up.[0m
[0;32mI (218) cpu_start: Starting app cpu, entry point is 0x40081164[0m
[0;32mI (0) cpu_start: App cpu up.[0m
[0;32mI (236) cpu_start: Pro cpu start user code[0m
[0;32mI (236) cpu_start: cpu freq: 160000000 Hz[0m
[0;32mI (236) cpu_start: Application information:[0m
[0;32mI (241) cpu_start: Project name:     lab10[0m
[0;32mI (246) cpu_start: App version:      1[0m
[0;32mI (250) cpu_start: Compile time:     Sep 13 2023 05:50:47[0m
[0;32mI (256) cpu_start: ELF file SHA256:  3257310ff...[0m
[0;32mI (262) cpu_start: ESP-IDF:          v5.2-dev-1128-g03d4fa2869[0m
[0;32mI (268) cpu_start: Min chip rev:     v0.0[0m
[0;32mI (273) cpu_start: Max chip rev:     v3.99 [0m
[0;32mI (278) cpu_start: Chip rev:         v3.0[0m
[0;32mI (283) heap_init: Initializing. RAM available for dynamic allocation:[0m
[0;32mI (290) heap_init: At 3FFAE6E0 len 00001920 (6 KiB): DRAM[0m
[0;32mI (296) heap_init: At 3FFB2A18 len 0002D5E8 (181 KiB): DRAM[0m
[0;32mI (302) heap_init: At 3FFE0440 len 00003AE0 (14 KiB): D/IRAM[0m
[0;32mI (308) heap_init: At 3FFE4350 len 0001BCB0 (111 KiB): D/IRAM[0m
[0;32mI (315) heap_init: At 4008CD84 len 0001327C (76 KiB): IRAM[0m
[0;32mI (322) spi_flash: detected chip: generic[0m
[0;32mI (326) spi_flash: flash io: dio[0m
[0;33mW (329) spi_flash: Detected size(4096k) larger than the size in the binary image header(2048k). Using the size in the binary image header.[0m
[0;32mI (343) app_start: Starting scheduler on CPU0[0m
[0;32mI (348) app_start: Starting scheduler on CPU1[0m
[0;32mI (348) main_task: Started on CPU0[0m
[0;32mI (358) main_task: Calling app_main()[0m
Enabling timer wakeup, 20s
Not a deep sleep reset
Entering deep sleep
ets Jul 29 2019 12:21:46

rst:0x5 (DEEPSLEEP_RESET),boot:0x13 (SPI_FAST_FLASH_BOOT)
configsip: 0, SPIWP:0xee
clk_drv:0x00,q_drv:0x00,d_drv:0x00,cs0_drv:0x00,hd_drv:0x00,wp_drv:0x00
mode:DIO, clock div:2
load:0x3fff0030,len:7132
ho 0 tail 12 room 4
load:0x40078000,len:15672
ho 0 tail 12 room 4
load:0x40080400,len:4
load:0x40080404,len:3884
entry 0x40080650
[0;32mI (33) boot: ESP-IDF v5.2-dev-1128-g03d4fa2869 2nd stage bootloader[0m
[0;32mI (33) boot: compile time Sep 13 2023 05:50:47[0m
[0;32mI (35) boot: Multicore bootloader[0m
[0;32mI (39) boot: chip revision: v3.0[0m
[0;32mI (43) boot.esp32: SPI Speed      : 40MHz[0m
[0;32mI (48) boot.esp32: SPI Mode       : DIO[0m
[0;32mI (52) boot.esp32: SPI Flash Size : 2MB[0m
[0;32mI (57) boot: Enabling RNG early entropy source...[0m
[0;32mI (62) boot: Partition Table:[0m
[0;32mI (66) boot: ## Label            Usage          Type ST Offset   Length[0m
[0;32mI (73) boot:  0 nvs              WiFi data        01 02 00009000 00006000[0m
[0;32mI (80) boot:  1 phy_init         RF data          01 01 0000f000 00001000[0m
[0;32mI (88) boot:  2 factory          factory app      00 00 00010000 00100000[0m
[0;32mI (95) boot: End of partition table[0m
[0;32mI (99) esp_image: segment 0: paddr=00010020 vaddr=3f400020 size=09a78h ( 39544) map[0m
[0;32mI (122) esp_image: segment 1: paddr=00019aa0 vaddr=3ff80063 size=00008h (     8) [0m
[0;32mI (123) esp_image: segment 2: paddr=00019ab0 vaddr=3ffb0000 size=02198h (  8600) load[0m
[0;32mI (131) esp_image: segment 3: paddr=0001bc50 vaddr=40080000 size=043c8h ( 17352) load[0m
[0;32mI (143) esp_image: segment 4: paddr=00020020 vaddr=400d0020 size=13fb8h ( 81848) map[0m
[0;32mI (174) esp_image: segment 5: paddr=00033fe0 vaddr=400843c8 size=089bch ( 35260) load[0m
[0;32mI (189) esp_image: segment 6: paddr=0003c9a4 vaddr=400c0000 size=00064h (   100) [0m
[0;32mI (189) esp_image: segment 7: paddr=0003ca10 vaddr=50000000 size=00010h (    16) [0m
[0;32mI (201) boot: Loaded app from partition at offset 0x10000[0m
[0;32mI (201) boot: Disabling RNG early entropy source...[0m
[0;32mI (217) cpu_start: Multicore app[0m
[0;32mI (217) cpu_start: Pro cpu up.[0m
[0;32mI (217) cpu_start: Starting app cpu, entry point is 0x40081164[0m
[0;32mI (0) cpu_start: App cpu up.[0m
[0;32mI (235) cpu_start: Pro cpu start user code[0m
[0;32mI (235) cpu_start: cpu freq: 160000000 Hz[0m
[0;32mI (235) cpu_start: Application information:[0m
[0;32mI (240) cpu_start: Project name:     lab10[0m
[0;32mI (245) cpu_start: App version:      1[0m
[0;32mI (249) cpu_start: Compile time:     Sep 13 2023 05:50:47[0m
[0;32mI (255) cpu_start: ELF file SHA256:  3257310ff...[0m
[0;32mI (261) cpu_start: ESP-IDF:          v5.2-dev-1128-g03d4fa2869[0m
[0;32mI (267) cpu_start: Min chip rev:     v0.0[0m
[0;32mI (272) cpu_start: Max chip rev:     v3.99 [0m
[0;32mI (277) cpu_start: Chip rev:         v3.0[0m
[0;32mI (282) heap_init: Initializing. RAM available for dynamic allocation:[0m
[0;32mI (289) heap_init: At 3FFAE6E0 len 00001920 (6 KiB): DRAM[0m
[0;32mI (295) heap_init: At 3FFB2A18 len 0002D5E8 (181 KiB): DRAM[0m
[0;32mI (301) heap_init: At 3FFE0440 len 00003AE0 (14 KiB): D/IRAM[0m
[0;32mI (307) heap_init: At 3FFE4350 len 0001BCB0 (111 KiB): D/IRAM[0m
[0;32mI (314) heap_init: At 4008CD84 len 0001327C (76 KiB): IRAM[0m
[0;32mI (321) spi_flash: detected chip: generic[0m
[0;32mI (325) spi_flash: flash io: dio[0m
[0;33mW (329) spi_flash: Detected size(4096k) larger than the size in the binary image header(2048k). Using the size in the binary image header.[0m
[0;32mI (342) app_start: Starting scheduler on CPU0[0m
[0;32mI (347) app_start: Starting scheduler on CPU1[0m
[0;32mI (347) main_task: Started on CPU0[0m
[0;32mI (357) main_task: Calling app_main()[0m
Enabling timer wakeup, 20s
Wake up from timer. Time spent in deep sleep: 2363ms	
Entering deep sleep
ets Jul 29 2019 12:21:46

rst:0x5 (DEEPSLEEP_RESET),boot:0x13 (SPI_FAST_FLASH_BOOT)
configsip: 0, SPIWP:0xee
clk_drv:0x00,q_drv:0x00,d_drv:0x00,cs0_drv:0x00,hd_drv:0x00,wp_drv:0x00
mode:DIO, clock div:2
load:0x3fff0030,len:7132
ho 0 tail 12 room 4
load:0x40078000,len:15672
ho 0 tail 12 room 4
load:0x40080400,len:4
load:0x40080404,len:3884
entry 0x40080650
[0;32mI (33) boot: ESP-IDF v5.2-dev-1128-g03d4fa2869 2nd stage bootloader[0m
[0;32mI (33) boot: compile time Sep 13 2023 05:50:47[0m
[0;32mI (35) boot: Multicore bootloader[0m
[0;32mI (39) boot: chip revision: v3.0[0m
[0;32mI (43) boot.esp32: SPI Speed      : 40MHz[0m
[0;32mI (47) boot.esp32: SPI Mode       : DIO[0m
[0;32mI (52) boot.esp32: SPI Flash Size : 2MB[0m
[0;32mI (57) boot: Enabling RNG early entropy source...[0m
[0;32mI (62) boot: Partition Table:[0m
[0;32mI (66) boot: ## Label            Usage          Type ST Offset   Length[0m
[0;32mI (73) boot:  0 nvs              WiFi data        01 02 00009000 00006000[0m
[0;32mI (80) boot:  1 phy_init         RF data          01 01 0000f000 00001000[0m
[0;32mI (88) boot:  2 factory          factory app      00 00 00010000 00100000[0m
[0;32mI (95) boot: End of partition table[0m
[0;32mI (99) esp_image: segment 0: paddr=00010020 vaddr=3f400020 size=09a78h ( 39544) map[0m
[0;32mI (122) esp_image: segment 1: paddr=00019aa0 vaddr=3ff80063 size=00008h (     8) [0m
[0;32mI (123) esp_image: segment 2: paddr=00019ab0 vaddr=3ffb0000 size=02198h (  8600) load[0m
[0;32mI (131) esp_image: segment 3: paddr=0001bc50 vaddr=40080000 size=043c8h ( 17352) load[0m
[0;32mI (143) esp_image: segment 4: paddr=00020020 vaddr=400d0020 size=13fb8h ( 81848) map[0m
[0;32mI (174) esp_image: segment 5: paddr=00033fe0 vaddr=400843c8 size=089bch ( 35260) load[0m
[0;32mI (189) esp_image: segment 6: paddr=0003c9a4 vaddr=400c0000 size=00064h (   100) [0m
[0;32mI (189) esp_image: segment 7: paddr=0003ca10 vaddr=50000000 size=00010h (    16) [0m
[0;32mI (201) boot: Loaded app from partition at offset 0x10000[0m
[0;32mI (201) boot: Disabling RNG early entropy source...[0m
[0;32mI (217) cpu_start: Multicore app[0m
[0;32mI (217) cpu_start: Pro cpu up.[0m
[0;32mI (217) cpu_start: Starting app cpu, entry point is 0x40081164[0m
[0;32mI (0) cpu_start: App cpu up.[0m
[0;32mI (235) cpu_start: Pro cpu start user code[0m
[0;32mI (235) cpu_start: cpu freq: 160000000 Hz[0m
[0;32mI (235) cpu_start: Application information:[0m
[0;32mI (240) cpu_start: Project name:     lab10[0m
[0;32mI (245) cpu_start: App version:      1[0m
[0;32mI (249) cpu_start: Compile time:     Sep 13 2023 05:50:47[0m
[0;32mI (255) cpu_start: ELF file SHA256:  3257310ff...[0m
[0;32mI (261) cpu_start: ESP-IDF:          v5.2-dev-1128-g03d4fa2869[0m
[0;32mI (267) cpu_start: Min chip rev:     v0.0[0m
[0;32mI (272) cpu_start: Max chip rev:     v3.99 [0m
[0;32mI (277) cpu_start: Chip rev:         v3.0[0m
[0;32mI (282) heap_init: Initializing. RAM available for dynamic allocation:[0m
[0;32mI (289) heap_init: At 3FFAE6E0 len 00001920 (6 KiB): DRAM[0m
[0;32mI (295) heap_init: At 3FFB2A18 len 0002D5E8 (181 KiB): DRAM[0m
[0;32mI (301) heap_init: At 3FFE0440 len 00003AE0 (14 KiB): D/IRAM[0m
[0;32mI (307) heap_init: At 3FFE4350 len 0001BCB0 (111 KiB): D/IRAM[0m
[0;32mI (314) heap_init: At 4008CD84 len 0001327C (76 KiB): IRAM[0m
[0;32mI (321) spi_flash: detected chip: generic[0m
[0;32mI (325) spi_flash: flash io: dio[0m
[0;33mW (329) spi_flash: Detected size(4096k) larger than the size in the binary image header(2048k). Using the size in the binary image header.[0m
[0;32mI (342) app_start: Starting scheduler on CPU0[0m
[0;32mI (347) app_start: Starting scheduler on CPU1[0m
[0;32mI (347) main_task: Started on CPU0[0m
[0;32mI (357) main_task: Calling app_main()[0m
Enabling timer wakeup, 20s
Wake up from timer. Time spent in deep sleep: 2363ms	
Entering deep sleep
ets Jul 29 2019 12:21:46

rst:0x5 (DEEPSLEEP_RESET),boot:0x13 (SPI_FAST_FLASH_BOOT)
configsip: 0, SPIWP:0xee
clk_drv:0x00,q_drv:0x00,d_drv:0x00,cs0_drv:0x00,hd_drv:0x00,wp_drv:0x00
mode:DIO, clock div:2
load:0x3fff0030,len:7132
ho 0 tail 12 room 4
load:0x40078000,len:15672
ho 0 tail 12 room 4
load:0x40080400,len:4
load:0x40080404,len:3884
entry 0x40080650
[0;32mI (33) boot: ESP-IDF v5.2-dev-1128-g03d4fa2869 2nd stage bootloader[0m
[0;32mI (33) boot: compile time Sep 13 2023 05:50:47[0m
[0;32mI (35) boot: Multicore bootloader[0m
[0;32mI (39) boot: chip revision: v3.0[0m
[0;32mI (43) boot.esp32: SPI Speed      : 40MHz[0m
[0;32mI (47) boot.esp32: SPI Mode       : DIO[0m
[0;32mI (52) boot.esp32: SPI Flash Size : 2MB[0m
[0;32mI (57) boot: Enabling RNG early entropy source...[0m
[0;32mI (62) boot: Partition Table:[0m
[0;32mI (66) boot: ## Label            Usage          Type ST Offset   Length[0m
[0;32mI (73) boot:  0 nvs              WiFi data        01 02 00009000 00006000[0m
[0;32mI (80) boot:  1 phy_init         RF data          01 01 0000f000 00001000[0m
[0;32mI (88) boot:  2 factory          factory app      00 00 00010000 00100000[0m
[0;32mI (95) boot: End of partition table[0m
[0;32mI (99) esp_image: segment 0: paddr=00010020 vaddr=3f400020 size=09a78h ( 39544) map[0m
[0;32mI (122) esp_image: segment 1: paddr=00019aa0 vaddr=3ff80063 size=00008h (     8) [0m
[0;32mI (123) esp_image: segment 2: paddr=00019ab0 vaddr=3ffb0000 size=02198h (  8600) load[0m
[0;32mI (131) esp_image: segment 3: paddr=0001bc50 vaddr=40080000 size=043c8h ( 17352) load[0m
[0;32mI (143) esp_image: segment 4: paddr=00020020 vaddr=400d0020 size=13fb8h ( 81848) map[0m
[0;32mI (174) esp_image: segment 5: paddr=00033fe0 vaddr=400843c8 size=089bch ( 35260) load[0m
[0;32mI (189) esp_image: segment 6: paddr=0003c9a4 vaddr=400c0000 size=00064h (   100) [0m
[0;32mI (189) esp_image: segment 7: paddr=0003ca10 vaddr=50000000 size=00010h (    16) [0m
[0;32mI (201) boot: Loaded app from partition at offset 0x10000[0m
[0;32mI (201) boot: Disabling RNG early entropy source...[0m
[0;32mI (217) cpu_start: Multicore app[0m
[0;32mI (217) cpu_start: Pro cpu up.[0m
[0;32mI (217) cpu_start: Starting app cpu, entry point is 0x40081164[0m
[0;32mI (0) cpu_start: App cpu up.[0m
[0;32mI (235) cpu_start: Pro cpu start user code[0m
[0;32mI (235) cpu_start: cpu freq: 160000000 Hz[0m
[0;32mI (235) cpu_start: Application information:[0m
[0;32mI (240) cpu_start: Project name:     lab10[0m
[0;32mI (245) cpu_start: App version:      1[0m
[0;32mI (249) cpu_start: Compile time:     Sep 13 2023 05:50:47[0m
[0;32mI (255) cpu_start: ELF file SHA256:  3257310ff...[0m
[0;32mI (261) cpu_start: ESP-IDF:          v5.2-dev-1128-g03d4fa2869[0m
[0;32mI (267) cpu_start: Min chip rev:     v0.0[0m
[0;32mI (272) cpu_start: Max chip rev:     v3.99 [0m
[0;32mI (277) cpu_start: Chip rev:         v3.0[0m
[0;32mI (282) heap_init: Initializing. RAM available for dynamic allocation:[0m
[0;32mI (289) heap_init: At 3FFAE6E0 len 00001920 (6 KiB): DRAM[0m
[0;32mI (295) heap_init: At 3FFB2A18 len 0002D5E8 (181 KiB): DRAM[0m
[0;32mI (301) heap_init: At 3FFE0440 len 00003AE0 (14 KiB): D/IRAM[0m
[0;32mI (307) heap_init: At 3FFE4350 len 0001BCB0 (111 KiB): D/IRAM[0m
[0;32mI (314) heap_init: At 4008CD84 len 0001327C (76 KiB): IRAM[0m
[0;32mI (321) spi_flash: detected chip: generic[0m
[0;32mI (325) spi_flash: flash io: dio[0m
[0;33mW (329) spi_flash: Detected size(4096k) larger than the size in the binary image header(2048k). Using the size in the binary image header.[0m
[0;32mI (342) app_start: Starting scheduler on CPU0[0m
[0;32mI (347) app_start: Starting scheduler on CPU1[0m
[0;32mI (347) main_task: Started on CPU0[0m
[0;32mI (357) main_task: Calling app_main()[0m
Enabling timer wakeup, 20s
Wake up from timer. Time spent in deep sleep: 2364ms	
Entering deep sleep
ets Jul 29 2019 12:21:46

rst:0x5 (DEEPSLEEP_RESET),boot:0x13 (SPI_FAST_FLASH_BOOT)
configsip: 0, SPIWP:0xee
clk_drv:0x00,q_drv:0x00,d_drv:0x00,cs0_drv:0x00,hd_drv:0x00,wp_drv:0x00
mode:DIO, clock div:2
load:0x3fff0030,len:7132
ho 0 tail 12 room 4
load:0x40078000,len:15672
ho 0 tail 12 room 4
load:0x40080400,len:4
load:0x40080404,len:3884
entry 0x40080650
[0;32mI (33) boot: ESP-IDF v5.2-dev-1128-g03d4fa2869 2nd stage bootloader[0m
[0;32mI (33) boot: compile time Sep 13 2023 05:50:47[0m
[0;32mI (35) boot: Multicore bootloader[0m
[0;32mI (39) boot: chip revision: v3.0[0m
[0;32mI (43) boot.esp32: SPI Speed      : 40MHz[0m
[0;32mI (47) boot.esp32: SPI Mode       : DIO[0m
[0;32mI (52) boot.esp32: SPI Flash Size : 2MB[0m
[0;32mI (57) boot: Enabling RNG early entropy source...[0m
[0;32mI (62) boot: Partition Table:[0m
[0;32mI (66) boot: ## Label            Usage          Type ST Offset   Length[0m
[0;32mI (73) boot:  0 nvs              WiFi data        01 02 00009000 00006000[0m
[0;32mI (80) boot:  1 phy_init         RF data          01 01 0000f000 00001000[0m
[0;32mI (88) boot:  2 factory          factory app      00 00 00010000 00100000[0m
[0;32mI (95) boot: End of partition table[0m
[0;32mI (99) esp_image: segment 0: paddr=00010020 vaddr=3f400020 size=09a78h ( 39544) map[0m
[0;32mI (122) esp_image: segment 1: paddr=00019aa0 vaddr=3ff80063 size=00008h (     8) [0m
[0;32mI (123) esp_image: segment 2: paddr=00019ab0 vaddr=3ffb0000 size=02198h (  8600) load[0m
[0;32mI (131) esp_image: segment 3: paddr=0001bc50 vaddr=40080000 size=043c8h ( 17352) load[0m
[0;32mI (143) esp_image: segment 4: paddr=00020020 vaddr=400d0020 size=13fb8h ( 81848) map[0m
[0;32mI (174) esp_image: segment 5: paddr=00033fe0 vaddr=400843c8 size=089bch ( 35260) load[0m
[0;32mI (189) esp_image: segment 6: paddr=0003c9a4 vaddr=400c0000 size=00064h (   100) [0m
[0;32mI (189) esp_image: segment 7: paddr=0003ca10 vaddr=50000000 size=00010h (    16) [0m
[0;32mI (201) boot: Loaded app from partition at offset 0x10000[0m
[0;32mI (201) boot: Disabling RNG early entropy source...[0m
[0;32mI (217) cpu_start: Multicore app[0m
[0;32mI (217) cpu_start: Pro cpu up.[0m
[0;32mI (217) cpu_start: Starting app cpu, entry point is 0x40081164[0m
[0;32mI (0) cpu_start: App cpu up.[0m
[0;32mI (235) cpu_start: Pro cpu start user code[0m
[0;32mI (235) cpu_start: cpu freq: 160000000 Hz[0m
[0;32mI (235) cpu_start: Application information:[0m
[0;32mI (240) cpu_start: Project name:     lab10[0m
[0;32mI (245) cpu_start: App version:      1[0m
[0;32mI (249) cpu_start: Compile time:     Sep 13 2023 05:50:47[0m
[0;32mI (255) cpu_start: ELF file SHA256:  3257310ff...[0m
[0;32mI (261) cpu_start: ESP-IDF:          v5.2-dev-1128-g03d4fa2869[0m
[0;32mI (267) cpu_start: Min chip rev:     v0.0[0m
[0;32mI (272) cpu_start: Max chip rev:     v3.99 [0m
[0;32mI (277) cpu_start: Chip rev:         v3.0[0m
[0;32mI (282) heap_init: Initializing. RAM available for dynamic allocation:[0m
[0;32mI (289) heap_init: At 3FFAE6E0 len 00001920 (6 KiB): DRAM[0m
[0;32mI (295) heap_init: At 3FFB2A18 len 0002D5E8 (181 KiB): DRAM[0m
[0;32mI (301) heap_init: At 3FFE0440 len 00003AE0 (14 KiB): D/IRAM[0m
[0;32mI (307) heap_init: At 3FFE4350 len 0001BCB0 (111 KiB): D/IRAM[0m
[0;32mI (314) heap_init: At 4008CD84 len 0001327C (76 KiB): IRAM[0m
[0;32mI (321) spi_flash: detected chip: generic[0m
[0;32mI (325) spi_flash: flash io: dio[0m
[0;33mW (329) spi_flash: Detected size(4096k) larger than the size in the binary image header(2048k). Using the size in the binary image header.[0m
[0;32mI (342) app_start: Starting scheduler on CPU0[0m
[0;32mI (347) app_start: Starting scheduler on CPU1[0m
[0;32mI (347) main_task: Started on CPU0[0m
[0;32mI (357) main_task: Calling app_main()[0m
Enabling timer wakeup, 20s
Wake up from timer. Time spent in deep sleep: 2363ms	
Entering deep sleep
ets Jul 29 2019 12:21:46

rst:0x5 (DEEPSLEEP_RESET),boot:0x13 (SPI_FAST_FLASH_BOOT)
configsip: 0, SPIWP:0xee
clk_drv:0x00,q_drv:0x00,d_drv:0x00,cs0_drv:0x00,hd_drv:0x00,wp_drv:0x00
mode:DIO, clock div:2
load:0x3fff0030,len:7132
ho 0 tail 12 room 4
load:0x40078000,len:15672
ho 0 tail 12 room 4
load:0x40080400,len:4
load:0x40080404,len:3884
entry 0x40080650
[0;32mI (33) boot: ESP-IDF v5.2-dev-1128-g03d4fa2869 2nd stage bootloader[0m
[0;32mI (33) boot: compile time Sep 13 2023 05:50:47[0m
[0;32mI (35) boot: Multicore bootloader[0m
[0;32mI (39) boot: chip revision: v3.0[0m
[0;32mI (43) boot.esp32: SPI Speed      : 40MHz[0m
[0;32mI (47) boot.esp32: SPI Mode       : DIO[0m
[0;32mI (52) boot.esp32: SPI Flash Size : 2MB[0m
[0;32mI (57) boot: Enabling RNG early entropy source...[0m
[0;32mI (62) boot: Partition Table:[0m
[0;32mI (66) boot: ## Label            Usage          Type ST Offset   Length[0m
[0;32mI (73) boot:  0 nvs              WiFi data        01 02 00009000 00006000[0m
[0;32mI (80) boot:  1 phy_init         RF data          01 01 0000f000 00001000[0m
[0;32mI (88) boot:  2 factory          factory app      00 00 00010000 00100000[0m
[0;32mI (95) boot: End of partition table[0m
[0;32mI (99) esp_image: segment 0: paddr=00010020 vaddr=3f400020 size=09a78h ( 39544) map[0m
[0;32mI (122) esp_image: segment 1: paddr=00019aa0 vaddr=3ff80063 size=00008h (     8) [0m
[0;32mI (123) esp_image: segment 2: paddr=00019ab0 vaddr=3ffb0000 size=02198h (  8600) load[0m
[0;32mI (131) esp_image: segment 3: paddr=0001bc50 vaddr=40080000 size=043c8h ( 17352) load[0m
[0;32mI (143) esp_image: segment 4: paddr=00020020 vaddr=400d0020 size=13fb8h ( 81848) map[0m
[0;32mI (174) esp_image: segment 5: paddr=00033fe0 vaddr=400843c8 size=089bch ( 35260) load[0m
[0;32mI (189) esp_image: segment 6: paddr=0003c9a4 vaddr=400c0000 size=00064h (   100) [0m
[0;32mI (189) esp_image: segment 7: paddr=0003ca10 vaddr=50000000 size=00010h (    16) [0m
[0;32mI (201) boot: Loaded app from partition at offset 0x10000[0m
[0;32mI (201) boot: Disabling RNG early entropy source...[0m
[0;32mI (217) cpu_start: Multicore app[0m
[0;32mI (217) cpu_start: Pro cpu up.[0m
[0;32mI (217) cpu_start: Starting app cpu, entry point is 0x40081164[0m
[0;32mI (0) cpu_start: App cpu up.[0m
[0;32mI (235) cpu_start: Pro cpu start user code[0m
[0;32mI (235) cpu_start: cpu freq: 160000000 Hz[0m
[0;32mI (235) cpu_start: Application information:[0m
[0;32mI (240) cpu_start: Project name:     lab10[0m
[0;32mI (245) cpu_start: App version:      1[0m
[0;32mI (249) cpu_start: Compile time:     Sep 13 2023 05:50:47[0m
[0;32mI (255) cpu_start: ELF file SHA256:  3257310ff...[0m
[0;32mI (261) cpu_start: ESP-IDF:          v5.2-dev-1128-g03d4fa2869[0m
[0;32mI (267) cpu_start: Min chip rev:     v0.0[0m
[0;32mI (272) cpu_start: Max chip rev:     v3.99 [0m
[0;32mI (277) cpu_start: Chip rev:         v3.0[0m
[0;32mI (282) heap_init: Initializing. RAM available for dynamic allocation:[0m
[0;32mI (289) heap_init: At 3FFAE6E0 len 00001920 (6 KiB): DRAM[0m
[0;32mI (295) heap_init: At 3FFB2A18 len 0002D5E8 (181 KiB): DRAM[0m
[0;32mI (301) heap_init: At 3FFE0440 len 00003AE0 (14 KiB): D/IRAM[0m
[0;32mI (307) heap_init: At 3FFE4350 len 0001BCB0 (111 KiB): D/IRAM[0m
[0;32mI (314) heap_init: At 4008CD84 len 0001327C (76 KiB): IRAM[0m
[0;32mI (321) spi_flash: detected chip: generic[0m
[0;32mI (325) spi_flash: flash io: dio[0m
[0;33mW (329) spi_flash: Detected size(4096k) larger than the size in the binary image header(2048k). Using the size in the binary image header.[0m
[0;32mI (342) app_start: Starting scheduler on CPU0[0m
[0;32mI (347) app_start: Starting scheduler on CPU1[0m
[0;32mI (347) main_task: Started on CPU0[0m
[0;32mI (357) main_task: Calling app_main()[0m
Enabling timer wakeup, 20s
Wake up from timer. Time spent in deep sleep: 2363ms	
Entering deep sleep
ets Jul 29 2019 12:21:46

rst:0x5 (DEEPSLEEP_RESET),boot:0x13 (SPI_FAST_FLASH_BOOT)
configsip: 0, SPIWP:0xee
clk_drv:0x00,q_drv:0x00,d_drv:0x00,cs0_drv:0x00,hd_drv:0x00,wp_drv:0x00
mode:DIO, clock div:2
load:0x3fff0030,len:7132
ho 0 tail 12 room 4
load:0x40078000,len:15672
ho 0 tail 12 room 4
load:0x40080400,len:4
load:0x40080404,len:3884
entry 0x40080650
[0;32mI (33) boot: ESP-IDF v5.2-dev-1128-g03d4fa2869 2nd stage bootloader[0m
[0;32mI (33) boot: compile time Sep 13 2023 05:50:47[0m
[0;32mI (35) boot: Multicore bootloader[0m
[0;32mI (39) boot: chip revision: v3.0[0m
[0;32mI (43) boot.esp32: SPI Speed      : 40MHz[0m
[0;32mI (47) boot.esp32: SPI Mode       : DIO[0m
[0;32mI (52) boot.esp32: SPI Flash Size : 2MB[0m
[0;32mI (57) boot: Enabling RNG early entropy source...[0m
[0;32mI (62) boot: Partition Table:[0m
[0;32mI (66) boot: ## Label            Usage          Type ST Offset   Length[0m
[0;32mI (73) boot:  0 nvs              WiFi data        01 02 00009000 00006000[0m
[0;32mI (80) boot:  1 phy_init         RF data          01 01 0000f000 00001000[0m
[0;32mI (88) boot:  2 factory          factory app      00 00 00010000 00100000[0m
[0;32mI (95) boot: End of partition table[0m
[0;32mI (99) esp_image: segment 0: paddr=00010020 vaddr=3f400020 size=09a78h ( 39544) map[0m
[0;32mI (122) esp_image: segment 1: paddr=00019aa0 vaddr=3ff80063 size=00008h (     8) [0m
[0;32mI (123) esp_image: segment 2: paddr=00019ab0 vaddr=3ffb0000 size=02198h (  8600) load[0m
[0;32mI (131) esp_image: segment 3: paddr=0001bc50 vaddr=40080000 size=043c8h ( 17352) load[0m
[0;32mI (143) esp_image: segment 4: paddr=00020020 vaddr=400d0020 size=13fb8h ( 81848) map[0m
[0;32mI (174) esp_image: segment 5: paddr=00033fe0 vaddr=400843c8 size=089bch ( 35260) load[0m
[0;32mI (189) esp_image: segment 6: paddr=0003c9a4 vaddr=400c0000 size=00064h (   100) [0m
[0;32mI (189) esp_image: segment 7: paddr=0003ca10 vaddr=50000000 size=00010h (    16) [0m
[0;32mI (201) boot: Loaded app from partition at offset 0x10000[0m
[0;32mI (201) boot: Disabling RNG early entropy source...[0m
[0;32mI (217) cpu_start: Multicore app[0m
[0;32mI (217) cpu_start: Pro cpu up.[0m
[0;32mI (217) cpu_start: Starting app cpu, entry point is 0x40081164[0m
[0;32mI (0) cpu_start: App cpu up.[0m
[0;32mI (235) cpu_start: Pro cpu start user code[0m
[0;32mI (235) cpu_start: cpu freq: 160000000 Hz[0m
[0;32mI (235) cpu_start: Application information:[0m
[0;32mI (240) cpu_start: Project name:     lab10[0m
[0;32mI (245) cpu_start: App version:      1[0m
[0;32mI (249) cpu_start: Compile time:     Sep 13 2023 05:50:47[0m
[0;32mI (255) cpu_start: ELF file SHA256:  3257310ff...[0m
[0;32mI (261) cpu_start: ESP-IDF:          v5.2-dev-1128-g03d4fa2869[0m
[0;32mI (267) cpu_start: Min chip rev:     v0.0[0m
[0;32mI (272) cpu_start: Max chip rev:     v3.99 [0m
[0;32mI (277) cpu_start: Chip rev:         v3.0[0m
[0;32mI (282) heap_init: Initializing. RAM available for dynamic allocation:[0m
[0;32mI (289) heap_init: At 3FFAE6E0 len 00001920 (6 KiB): DRAM[0m
[0;32mI (295) heap_init: At 3FFB2A18 len 0002D5E8 (181 KiB): DRAM[0m
[0;32mI (301) heap_init: At 3FFE0440 len 00003AE0 (14 KiB): D/IRAM[0m
[0;32mI (307) heap_init: At 3FFE4350 len 0001BCB0 (111 KiB): D/IRAM[0m
[0;32mI (314) heap_init: At 4008CD84 len 0001327C (76 KiB): IRAM[0m
[0;32mI (321) spi_flash: detected chip: generic[0m
[0;32mI (325) spi_flash: flash io: dio[0m
[0;33mW (329) spi_flash: Detected size(4096k) larger than the size in the binary image header(2048k). Using the size in the binary image header.[0m
[0;32mI (342) app_start: Starting scheduler on CPU0[0m
[0;32mI (347) app_start: Starting scheduler on CPU1[0m
[0;32mI (347) main_task: Started on CPU0[0m
[0;32mI (357) main_task: Calling app_main()[0m
Enabling timer wakeup, 20s
Wake up from timer. Time spent in deep sleep: 2364ms	
Entering deep sleep
ets Jul 29 2019 12:21:46

rst:0x5 (DEEPSLEEP_RESET),boot:0x13 (SPI_FAST_FLASH_BOOT)
configsip: 0, SPIWP:0xee
clk_drv:0x00,q_drv:0x00,d_drv:0x00,cs0_drv:0x00,hd_drv:0x00,wp_drv:0x00
mode:DIO, clock div:2
load:0x3fff0030,len:7132
ho 0 tail 12 room 4
load:0x40078000,len:15672
ho 0 tail 12 room 4
load:0x40080400,len:4
load:0x40080404,len:3884
entry 0x40080650
[0;32mI (33) boot: ESP-IDF v5.2-dev-1128-g03d4fa2869 2nd stage bootloader[0m
[0;32mI (33) boot: compile time Sep 13 2023 05:50:47[0m
[0;32mI (35) boot: Multicore bootloader[0m
[0;32mI (39) boot: chip revision: v3.0[0m
[0;32mI (43) boot.esp32: SPI Speed      : 40MHz[0m
[0;32mI (48) boot.esp32: SPI Mode       : DIO[0m
[0;32mI (52) boot.esp32: SPI Flash Size : 2MB[0m
[0;32mI (57) boot: Enabling RNG early entropy source...[0m
[0;32mI (62) boot: Partition Table:[0m
[0;32mI (66) boot: ## Label            Usage          Type ST Offset   Length[0m
[0;32mI (73) boot:  0 nvs              WiFi data        01 02 00009000 00006000[0m
[0;32mI (80) boot:  1 phy_init         RF data          01 01 0000f000 00001000[0m
[0;32mI (88) boot:  2 factory          factory app      00 00 00010000 00100000[0m
[0;32mI (95) boot: End of partition table[0m
[0;32mI (99) esp_image: segment 0: paddr=00010020 vaddr=3f400020 size=09a78h ( 39544) map[0m
[0;32mI (122) esp_image: segment 1: paddr=00019aa0 vaddr=3ff80063 size=00008h (     8) [0m
[0;32mI (123) esp_image: segment 2: paddr=00019ab0 vaddr=3ffb0000 size=02198h (  8600) load[0m
[0;32mI (131) esp_image: segment 3: paddr=0001bc50 vaddr=40080000 size=043c8h ( 17352) load[0m
[0;32mI (143) esp_image: segment 4: paddr=00020020 vaddr=400d0020 size=13fb8h ( 81848) map[0m
[0;32mI (174) esp_image: segment 5: paddr=00033fe0 vaddr=400843c8 size=089bch ( 35260) load[0m
[0;32mI (189) esp_image: segment 6: paddr=0003c9a4 vaddr=400c0000 size=00064h (   100) [0m
[0;32mI (189) esp_image: segment 7: paddr=0003ca10 vaddr=50000000 size=00010h (    16) [0m
[0;32mI (201) boot: Loaded app from partition at offset 0x10000[0m
[0;32mI (201) boot: Disabling RNG early entropy source...[0m
[0;32mI (217) cpu_start: Multicore app[0m
[0;32mI (217) cpu_start: Pro cpu up.[0m
[0;32mI (217) cpu_start: Starting app cpu, entry point is 0x40081164[0m
[0;32mI (0) cpu_start: App cpu up.[0m
[0;32mI (235) cpu_start: Pro cpu start user code[0m
[0;32mI (235) cpu_start: cpu freq: 160000000 Hz[0m
[0;32mI (235) cpu_start: Application information:[0m
[0;32mI (240) cpu_start: Project name:     lab10[0m
[0;32mI (245) cpu_start: App version:      1[0m
[0;32mI (249) cpu_start: Compile time:     Sep 13 2023 05:50:47[0m
[0;32mI (255) cpu_start: ELF file SHA256:  3257310ff...[0m
[0;32mI (261) cpu_start: ESP-IDF:          v5.2-dev-1128-g03d4fa2869[0m
[0;32mI (267) cpu_start: Min chip rev:     v0.0[0m
[0;32mI (272) cpu_start: Max chip rev:     v3.99 [0m
[0;32mI (277) cpu_start: Chip rev:         v3.0[0m
[0;32mI (282) heap_init: Initializing. RAM available for dynamic allocation:[0m
[0;32mI (289) heap_init: At 3FFAE6E0 len 00001920 (6 KiB): DRAM[0m
[0;32mI (295) heap_init: At 3FFB2A18 len 0002D5E8 (181 KiB): DRAM[0m
[0;32mI (301) heap_init: At 3FFE0440 len 00003AE0 (14 KiB): D/IRAM[0m
[0;32mI (307) heap_init: At 3FFE4350 len 0001BCB0 (111 KiB): D/IRAM[0m
[0;32mI (314) heap_init: At 4008CD84 len 0001327C (76 KiB): IRAM[0m
[0;32mI (321) spi_flash: detected chip: generic[0m
[0;32mI (325) spi_flash: flash io: dio[0m
[0;33mW (329) spi_flash: Detected size(4096k) larger than the size in the binary image header(2048k). Using the size in the binary image header.[0m
[0;32mI (342) app_start: Starting scheduler on CPU0[0m
[0;32mI (347) app_start: Starting scheduler on CPU1[0m
[0;32mI (347) main_task: Started on CPU0[0m
[0;32mI (357) main_task: Calling app_main()[0m
Enabling timer wakeup, 20s
Wake up from timer. Time spent in deep sleep: 2363ms	
Entering deep sleep
ets Jul 29 2019 12:21:46

rst:0x5 (DEEPSLEEP_RESET),boot:0x13 (SPI_FAST_FLASH_BOOT)
configsip: 0, SPIWP:0xee
clk_drv:0x00,q_drv:0x00,d_drv:0x00,cs0_drv:0x00,hd_drv:0x00,wp_drv:0x00
mode:DIO, clock div:2
load:0x3fff0030,len:7132
ho 0 tail 12 room 4
load:0x40078000,len:15672
ho 0 tail 12 room 4
load:0x40080400,len:4
load:0x40080404,len:3884
entry 0x40080650
[0;32mI (33) boot: ESP-IDF v5.2-dev-1128-g03d4fa2869 2nd stage bootloader[0m
[0;32mI (33) boot: compile time Sep 13 2023 05:50:47[0m
[0;32mI (35) boot: Multicore bootloader[0m
[0;32mI (39) boot: chip revision: v3.0[0m
[0;32mI (43) boot.esp32: SPI Speed      : 40MHz[0m
[0;32mI (47) boot.esp32: SPI Mode       : DIO[0m
[0;32mI (52) boot.esp32: SPI Flash Size : 2MB[0m
[0;32mI (57) boot: Enabling RNG early entropy source...[0m
[0;32mI (62) boot: Partition Table:[0m
[0;32mI (66) boot: ## Label            Usage          Type ST Offset   Length[0m
[0;32mI (73) boot:  0 nvs              WiFi data        01 02 00009000 00006000[0m
[0;32mI (80) boot:  1 phy_init         RF data          01 01 0000f000 00001000[0m
[0;32mI (88) boot:  2 factory          factory app      00 00 00010000 00100000[0m
[0;32mI (95) boot: End of partition table[0m
[0;32mI (99) esp_image: segment 0: paddr=00010020 vaddr=3f400020 size=09a78h ( 39544) map[0m
[0;32mI (122) esp_image: segment 1: paddr=00019aa0 vaddr=3ff80063 size=00008h (     8) [0m
[0;32mI (123) esp_image: segment 2: paddr=00019ab0 vaddr=3ffb0000 size=02198h (  8600) load[0m
[0;32mI (131) esp_image: segment 3: paddr=0001bc50 vaddr=40080000 size=043c8h ( 17352) load[0m
[0;32mI (143) esp_image: segment 4: paddr=00020020 vaddr=400d0020 size=13fb8h ( 81848) map[0m
[0;32mI (174) esp_image: segment 5: paddr=00033fe0 vaddr=400843c8 size=089bch ( 35260) load[0m
[0;32mI (189) esp_image: segment 6: paddr=0003c9a4 vaddr=400c0000 size=00064h (   100) [0m
[0;32mI (189) esp_image: segment 7: paddr=0003ca10 vaddr=50000000 size=00010h (    16) [0m
[0;32mI (201) boot: Loaded app from partition at offset 0x10000[0m
[0;32mI (201) boot: Disabling RNG early entropy source...[0m
[0;32mI (217) cpu_start: Multicore app[0m
[0;32mI (217) cpu_start: Pro cpu up.[0m
[0;32mI (217) cpu_start: Starting app cpu, entry point is 0x40081164[0m
[0;32mI (0) cpu_start: App cpu up.[0m
[0;32mI (235) cpu_start: Pro cpu start user code[0m
[0;32mI (235) cpu_start: cpu freq: 160000000 Hz[0m
[0;32mI (235) cpu_start: Application information:[0m
[0;32mI (240) cpu_start: Project name:     lab10[0m
[0;32mI (245) cpu_start: App version:      1[0m
[0;32mI (249) cpu_start: Compile time:     Sep 13 2023 05:50:47[0m
[0;32mI (255) cpu_start: ELF file SHA256:  3257310ff...[0m
[0;32mI (261) cpu_start: ESP-IDF:          v5.2-dev-1128-g03d4fa2869[0m
[0;32mI (267) cpu_start: Min chip rev:     v0.0[0m
[0;32mI (272) cpu_start: Max chip rev:     v3.99 [0m
[0;32mI (277) cpu_start: Chip rev:         v3.0[0m
[0;32mI (282) heap_init: Initializing. RAM available for dynamic allocation:[0m
[0;32mI (289) heap_init: At 3FFAE6E0 len 00001920 (6 KiB): DRAM[0m
[0;32mI (295) heap_init: At 3FFB2A18 len 0002D5E8 (181 KiB): DRAM[0m
[0;32mI (301) heap_init: At 3FFE0440 len 00003AE0 (14 KiB): D/IRAM[0m
[0;32mI (307) heap_init: At 3FFE4350 len 0001BCB0 (111 KiB): D/IRAM[0m
[0;32mI (314) heap_init: At 4008CD84 len 0001327C (76 KiB): IRAM[0m
[0;32mI (321) spi_flash: detected chip: generic[0m
[0;32mI (325) spi_flash: flash io: dio[0m
[0;33mW (329) spi_flash: Detected size(4096k) larger than the size in the binary image header(2048k). Using the size in the binary image header.[0m
[0;32mI (342) app_start: Starting scheduler on CPU0[0m
[0;32mI (347) app_start: Starting scheduler on CPU1[0m
[0;32mI (347) main_task: Started on CPU0[0m
[0;32mI (357) main_task: Calling app_main()[0m
Enabling timer wakeup, 20s
Wake up from timer. Time spent in deep sleep: 2364ms	
Entering deep sleep
ets Jul 29 2019 12:21:46

rst:0x5 (DEEPSLEEP_RESET),boot:0x13 (SPI_FAST_FLASH_BOOT)
configsip: 0, SPIWP:0xee
clk_drv:0x00,q_drv:0x00,d_drv:0x00,cs0_drv:0x00,hd_drv:0x00,wp_drv:0x00
mode:DIO, clock div:2
load:0x3fff0030,len:7132
ho 0 tail 12 room 4
load:0x40078000,len:15672
ho 0 tail 12 room 4
load:0x40080400,len:4
load:0x40080404,len:3884
entry 0x40080650
[0;32mI (33) boot: ESP-IDF v5.2-dev-1128-g03d4fa2869 2nd stage bootloader[0m
[0;32mI (33) boot: compile time Sep 13 2023 05:50:47[0m
[0;32mI (35) boot: Multicore bootloader[0m
[0;32mI (39) boot: chip revision: v3.0[0m
[0;32mI (43) boot.esp32: SPI Speed      : 40MHz[0m
[0;32mI (47) boot.esp32: SPI Mode       : DIO[0m
[0;32mI (52) boot.esp32: SPI Flash Size : 2MB[0m
[0;32mI (57) boot: Enabling RNG early entropy source...[0m
[0;32mI (62) boot: Partition Table:[0m
[0;32mI (66) boot: ## Label            Usage          Type ST Offset   Length[0m
[0;32mI (73) boot:  0 nvs              WiFi data        01 02 00009000 00006000[0m
[0;32mI (80) boot:  1 phy_init         RF data          01 01 0000f000 00001000[0m
[0;32mI (88) boot:  2 factory          factory app      00 00 00010000 00100000[0m
[0;32mI (95) boot: End of partition table[0m
[0;32mI (99) esp_image: segment 0: paddr=00010020 vaddr=3f400020 size=09a78h ( 39544) map[0m
[0;32mI (122) esp_image: segment 1: paddr=00019aa0 vaddr=3ff80063 size=00008h (     8) [0m
[0;32mI (123) esp_image: segment 2: paddr=00019ab0 vaddr=3ffb0000 size=02198h (  8600) load[0m
[0;32mI (131) esp_image: segment 3: paddr=0001bc50 vaddr=40080000 size=043c8h ( 17352) load[0m
[0;32mI (143) esp_image: segment 4: paddr=00020020 vaddr=400d0020 size=13fb8h ( 81848) map[0m
[0;32mI (174) esp_image: segment 5: paddr=00033fe0 vaddr=400843c8 size=089bch ( 35260) load[0m
[0;32mI (189) esp_image: segment 6: paddr=0003c9a4 vaddr=400c0000 size=00064h (   100) [0m
[0;32mI (189) esp_image: segment 7: paddr=0003ca10 vaddr=50000000 size=00010h (    16) [0m
[0;32mI (201) boot: Loaded app from partition at offset 0x10000[0m
[0;32mI (201) boot: Disabling RNG early entropy source...[0m
[0;32mI (217) cpu_start: Multicore app[0m
[0;32mI (217) cpu_start: Pro cpu up.[0m
[0;32mI (217) cpu_start: Starting app cpu, entry point is 0x40081164[0m
[0;32mI (0) cpu_start: App cpu up.[0m
[0;32mI (235) cpu_start: Pro cpu start user code[0m
[0;32mI (235) cpu_start: cpu freq: 160000000 Hz[0m
[0;32mI (235) cpu_start: Application information:[0m
[0;32mI (240) cpu_start: Project name:     lab10[0m
[0;32mI (245) cpu_start: App version:      1[0m
[0;32mI (249) cpu_start: Compile time:     Sep 13 2023 05:50:47[0m
[0;32mI (255) cpu_start: ELF file SHA256:  3257310ff...[0m
[0;32mI (261) cpu_start: ESP-IDF:          v5.2-dev-1128-g03d4fa2869[0m
[0;32mI (267) cpu_start: Min chip rev:     v0.0[0m
[0;32mI (272) cpu_start: Max chip rev:     v3.99 [0m
[0;32mI (277) cpu_start: Chip rev:         v3.0[0m
[0;32mI (282) heap_init: Initializing. RAM available for dynamic allocation:[0m
[0;32mI (289) heap_init: At 3FFAE6E0 len 00001920 (6 KiB): DRAM[0m
[0;32mI (295) heap_init: At 3FFB2A18 len 0002D5E8 (181 KiB): DRAM[0m
[0;32mI (301) heap_init: At 3FFE0440 len 00003AE0 (14 KiB): D/IRAM[0m
[0;32mI (307) heap_init: At 3FFE4350 len 0001BCB0 (111 KiB): D/IRAM[0m
[0;32mI (314) heap_init: At 4008CD84 len 0001327C (76 KiB): IRAM[0m
[0;32mI (321) spi_flash: detected chip: generic[0m
[0;32mI (325) spi_flash: flash io: dio[0m
[0;33mW (329) spi_flash: Detected size(4096k) larger than the size in the binary image header(2048k). Using the size in the binary image header.[0m
[0;32mI (342) app_start: Starting scheduler on CPU0[0m
[0;32mI (347) app_start: Starting scheduler on CPU1[0m
[0;32mI (347) main_task: Started on CPU0[0m
[0;32mI (357) main_task: Calling app_main()[0m
Enabling timer wakeup, 20s
Wake up from timer. Time spent in deep sleep: 2363ms	
Entering deep sleep
ets Jul 29 2019 12:21:46

rst:0x5 (DEEPSLEEP_RESET),boot:0x13 (SPI_FAST_FLASH_BOOT)
configsip: 0, SPIWP:0xee
clk_drv:0x00,q_drv:0x00,d_drv:0x00,cs0_drv:0x00,hd_drv:0x00,wp_drv:0x00
mode:DIO, clock div:2
load:0x3fff0030,len:7132
ho 0 tail 12 room 4
load:0x40078000,len:15672
ho 0 tail 12 room 4
load:0x40080400,len:4
load:0x40080404,len:3884
entry 0x40080650
[0;32mI (33) boot: ESP-IDF v5.2-dev-1128-g03d4fa2869 2nd stage bootloader[0m
[0;32mI (33) boot: compile time Sep 13 2023 05:50:47[0m
[0;32mI (35) boot: Multicore bootloader[0m
[0;32mI (39) boot: chip revision: v3.0[0m
[0;32mI (43) boot.esp32: SPI Speed      : 40MHz[0m
[0;32mI (47) boot.esp32: SPI Mode       : DIO[0m
[0;32mI (52) boot.esp32: SPI Flash Size : 2MB[0m
[0;32mI (57) boot: Enabling RNG early entropy source...[0m
[0;32mI (62) boot: Partition Table:[0m
[0;32mI (66) boot: ## Label            Usage          Type ST Offset   Length[0m
[0;32mI (73) boot:  0 nvs              WiFi data        01 02 00009000 00006000[0m
[0;32mI (80) boot:  1 phy_init         RF data          01 01 0000f000 00001000[0m
[0;32mI (88) boot:  2 factory          factory app      00 00 00010000 00100000[0m
[0;32mI (95) boot: End of partition table[0m
[0;32mI (99) esp_image: segment 0: paddr=00010020 vaddr=3f400020 size=09a78h ( 39544) map[0m
[0;32mI (122) esp_image: segment 1: paddr=00019aa0 vaddr=3ff80063 size=00008h (     8) [0m
[0;32mI (123) esp_image: segment 2: paddr=00019ab0 vaddr=3ffb0000 size=02198h (  8600) load[0m
[0;32mI (131) esp_image: segment 3: paddr=0001bc50 vaddr=40080000 size=043c8h ( 17352) load[0m
[0;32mI (143) esp_image: segment 4: paddr=00020020 vaddr=400d0020 size=13fb8h ( 81848) map[0m
[0;32mI (174) esp_image: segment 5: paddr=00033fe0 vaddr=400843c8 size=089bch ( 35260) load[0m
[0;32mI (189) esp_image: segment 6: paddr=0003c9a4 vaddr=400c0000 size=00064h (   100) [0m
[0;32mI (189) esp_image: segment 7: paddr=0003ca10 vaddr=50000000 size=00010h (    16) [0m
[0;32mI (201) boot: Loaded app from partition at offset 0x10000[0m
[0;32mI (201) boot: Disabling RNG early entropy source...[0m
[0;32mI (217) cpu_start: Multicore app[0m
[0;32mI (217) cpu_start: Pro cpu up.[0m
[0;32mI (217) cpu_start: Starting app cpu, entry point is 0x40081164[0m
[0;32mI (0) cpu_start: App cpu up.[0m
[0;32mI (235) cpu_start: Pro cpu start user code[0m
[0;32mI (235) cpu_start: cpu freq: 160000000 Hz[0m
[0;32mI (235) cpu_start: Application information:[0m
[0;32mI (240) cpu_start: Project name:     lab10[0m
[0;32mI (245) cpu_start: App version:      1[0m
[0;32mI (249) cpu_start: Compile time:     Sep 13 2023 05:50:47[0m
[0;32mI (255) cpu_start: ELF file SHA256:  3257310ff...[0m
[0;32mI (261) cpu_start: ESP-IDF:          v5.2-dev-1128-g03d4fa2869[0m
[0;32mI (267) cpu_start: Min chip rev:     v0.0[0m
[0;32mI (272) cpu_start: Max chip rev:     v3.99 [0m
[0;32mI (277) cpu_start: Chip rev:         v3.0[0m
[0;32mI (282) heap_init: Initializing. RAM available for dynamic allocation:[0m
[0;32mI (289) heap_init: At 3FFAE6E0 len 00001920 (6 KiB): DRAM[0m
[0;32mI (295) heap_init: At 3FFB2A18 len 0002D5E8 (181 KiB): DRAM[0m
[0;32mI (301) heap_init: At 3FFE0440 len 00003AE0 (14 KiB): D/IRAM[0m
[0;32mI (307) heap_init: At 3FFE4350 len 0001BCB0 (111 KiB): D/IRAM[0m
[0;32mI (314) heap_init: At 4008CD84 len 0001327C (76 KiB): IRAM[0m
[0;32mI (321) spi_flash: detected chip: generic[0m
[0;32mI (325) spi_flash: flash io: dio[0m
[0;33mW (329) spi_flash: Detected size(4096k) larger than the size in the binary image header(2048k). Using the size in the binary image header.[0m
[0;32mI (342) app_start: Starting scheduler on CPU0[0m
[0;32mI (347) app_start: Starting scheduler on CPU1[0m
[0;32mI (347) main_task: Started on CPU0[0m
[0;32mI (357) main_task: Calling app_main()[0m
Enabling timer wakeup, 20s
Wake up from timer. Time spent in deep sleep: 2363ms	
Entering deep sleep
ets Jul 29 2019 12:21:46

rst:0x5 (DEEPSLEEP_RESET),boot:0x13 (SPI_FAST_FLASH_BOOT)
configsip: 0, SPIWP:0xee
clk_drv:0x00,q_drv:0x00,d_drv:0x00,cs0_drv:0x00,hd_drv:0x00,wp_drv:0x00
mode:DIO, clock div:2
load:0x3fff0030,len:7132
ho 0 tail 12 room 4
load:0x40078000,len:15672
ho 0 tail 12 room 4
load:0x40080400,len:4
load:0x40080404,len:3884
entry 0x40080650
[0;32mI (33) boot: ESP-IDF v5.2-dev-1128-g03d4fa2869 2nd stage bootloader[0m
[0;32mI (33) boot: compile time Sep 13 2023 05:50:47[0m
[0;32mI (35) boot: Multicore bootloader[0m
[0;32mI (39) boot: chip revision: v3.0[0m
[0;32mI (43) boot.esp32: SPI Speed      : 40MHz[0m
[0;32mI (47) boot.esp32: SPI Mode       : DIO[0m
[0;32mI (52) boot.esp32: SPI Flash Size : 2MB[0m
[0;32mI (57) boot: Enabling RNG early entropy source...[0m
[0;32mI (62) boot: Partition Table:[0m
[0;32mI (66) boot: ## Label            Usage          Type ST Offset   Length[0m
[0;32mI (73) boot:  0 nvs              WiFi data        01 02 00009000 00006000[0m
[0;32mI (80) boot:  1 phy_init         RF data          01 01 0000f000 00001000[0m
[0;32mI (88) boot:  2 factory          factory app      00 00 00010000 00100000[0m
[0;32mI (95) boot: End of partition table[0m
[0;32mI (99) esp_image: segment 0: paddr=00010020 vaddr=3f400020 size=09a78h ( 39544) map[0m
[0;32mI (122) esp_image: segment 1: paddr=00019aa0 vaddr=3ff80063 size=00008h (     8) [0m
[0;32mI (123) esp_image: segment 2: paddr=00019ab0 vaddr=3ffb0000 size=02198h (  8600) load[0m
[0;32mI (131) esp_image: segment 3: paddr=0001bc50 vaddr=40080000 size=043c8h ( 17352) load[0m
[0;32mI (143) esp_image: segment 4: paddr=00020020 vaddr=400d0020 size=13fb8h ( 81848) map[0m
[0;32mI (174) esp_image: segment 5: paddr=00033fe0 vaddr=400843c8 size=089bch ( 35260) load[0m
[0;32mI (189) esp_image: segment 6: paddr=0003c9a4 vaddr=400c0000 size=00064h (   100) [0m
[0;32mI (189) esp_image: segment 7: paddr=0003ca10 vaddr=50000000 size=00010h (    16) [0m
[0;32mI (201) boot: Loaded app from partition at offset 0x10000[0m
[0;32mI (201) boot: Disabling RNG early entropy source...[0m
[0;32mI (217) cpu_start: Multicore app[0m
[0;32mI (217) cpu_start: Pro cpu up.[0m
[0;32mI (217) cpu_start: Starting app cpu, entry point is 0x40081164[0m
[0;32mI (0) cpu_start: App cpu up.[0m
[0;32mI (235) cpu_start: Pro cpu start user code[0m
[0;32mI (235) cpu_start: cpu freq: 160000000 Hz[0m
[0;32mI (235) cpu_start: Application information:[0m
[0;32mI (240) cpu_start: Project name:     lab10[0m
[0;32mI (245) cpu_start: App version:      1[0m
[0;32mI (249) cpu_start: Compile time:     Sep 13 2023 05:50:47[0m
[0;32mI (255) cpu_start: ELF file SHA256:  3257310ff...[0m
[0;32mI (261) cpu_start: ESP-IDF:          v5.2-dev-1128-g03d4fa2869[0m
[0;32mI (267) cpu_start: Min chip rev:     v0.0[0m
[0;32mI (272) cpu_start: Max chip rev:     v3.99 [0m
[0;32mI (277) cpu_start: Chip rev:         v3.0[0m
[0;32mI (282) heap_init: Initializing. RAM available for dynamic allocation:[0m
[0;32mI (289) heap_init: At 3FFAE6E0 len 00001920 (6 KiB): DRAM[0m
[0;32mI (295) heap_init: At 3FFB2A18 len 0002D5E8 (181 KiB): DRAM[0m
[0;32mI (301) heap_init: At 3FFE0440 len 00003AE0 (14 KiB): D/IRAM[0m
[0;32mI (307) heap_init: At 3FFE4350 len 0001BCB0 (111 KiB): D/IRAM[0m
[0;32mI (314) heap_init: At 4008CD84 len 0001327C (76 KiB): IRAM[0m
[0;32mI (321) spi_flash: detected chip: generic[0m
[0;32mI (325) spi_flash: flash io: dio[0m
[0;33mW (329) spi_flash: Detected size(4096k) larger than the size in the binary image header(2048k). Using the size in the binary image header.[0m
[0;32mI (342) app_start: Starting scheduler on CPU0[0m
[0;32mI (347) app_start: Starting scheduler on CPU1[0m
[0;32mI (347) main_task: Started on CPU0[0m
[0;32mI (357) main_task: Calling app_main()[0m
Enabling timer wakeup, 20s
Wake up from timer. Time spent in deep sleep: 2364ms	
Entering deep sleep
ets Jul 29 2019 12:21:46

rst:0x5 (DEEPSLEEP_RESET),boot:0x13 (SPI_FAST_FLASH_BOOT)
configsip: 0, SPIWP:0xee
clk_drv:0x00,q_drv:0x00,d_drv:0x00,cs0_drv:0x00,hd_drv:0x00,wp_drv:0x00
mode:DIO, clock div:2
load:0x3fff0030,len:7132
ho 0 tail 12 room 4
load:0x40078000,len:15672
ho 0 tail 12 room 4
load:0x40080400,len:4
load:0x40080404,len:3884
entry 0x40080650
[0;32mI (33) boot: ESP-IDF v5.2-dev-1128-g03d4fa2869 2nd stage bootloader[0m
[0;32mI (33) boot: compile time Sep 13 2023 05:50:47[0m
[0;32mI (35) boot: Multicore bootloader[0m
[0;32mI (39) boot: chip revision: v3.0[0m
[0;32mI (43) boot.esp32: SPI Speed      : 40MHz[0m
[0;32mI (47) boot.esp32: SPI Mode       : DIO[0m
[0;32mI (52) boot.esp32: SPI Flash Size : 2MB[0m
[0;32mI (57) boot: Enabling RNG early entropy source...[0m
[0;32mI (62) boot: Partition Table:[0m
[0;32mI (66) boot: ## Label            Usage          Type ST Offset   Length[0m
[0;32mI (73) boot:  0 nvs              WiFi data        01 02 00009000 00006000[0m
[0;32mI (80) boot:  1 phy_init         RF data          01 01 0000f000 00001000[0m
[0;32mI (88) boot:  2 factory          factory app      00 00 00010000 00100000[0m
[0;32mI (95) boot: End of partition table[0m
[0;32mI (99) esp_image: segment 0: paddr=00010020 vaddr=3f400020 size=09a78h ( 39544) map[0m
[0;32mI (122) esp_image: segment 1: paddr=00019aa0 vaddr=3ff80063 size=00008h (     8) [0m
[0;32mI (123) esp_image: segment 2: paddr=00019ab0 vaddr=3ffb0000 size=02198h (  8600) load[0m
[0;32mI (131) esp_image: segment 3: paddr=0001bc50 vaddr=40080000 size=043c8h ( 17352) load[0m
[0;32mI (143) esp_image: segment 4: paddr=00020020 vaddr=400d0020 size=13fb8h ( 81848) map[0m
[0;32mI (174) esp_image: segment 5: paddr=00033fe0 vaddr=400843c8 size=089bch ( 35260) load[0m
[0;32mI (189) esp_image: segment 6: paddr=0003c9a4 vaddr=400c0000 size=00064h (   100) [0m
[0;32mI (189) esp_image: segment 7: paddr=0003ca10 vaddr=50000000 size=00010h (    16) [0m
[0;32mI (201) boot: Loaded app from partition at offset 0x10000[0m
[0;32mI (201) boot: Disabling RNG early entropy source...[0m
[0;32mI (217) cpu_start: Multicore app[0m
[0;32mI (217) cpu_start: Pro cpu up.[0m
[0;32mI (217) cpu_start: Starting app cpu, entry point is 0x40081164[0m
[0;32mI (0) cpu_start: App cpu up.[0m
[0;32mI (235) cpu_start: Pro cpu start user code[0m
[0;32mI (235) cpu_start: cpu freq: 160000000 Hz[0m
[0;32mI (235) cpu_start: Application information:[0m
[0;32mI (240) cpu_start: Project name:     lab10[0m
[0;32mI (245) cpu_start: App version:      1[0m
[0;32mI (249) cpu_start: Compile time:     Sep 13 2023 05:50:47[0m
[0;32mI (255) cpu_start: ELF file SHA256:  3257310ff...[0m
[0;32mI (261) cpu_start: ESP-IDF:          v5.2-dev-1128-g03d4fa2869[0m
[0;32mI (267) cpu_start: Min chip rev:     v0.0[0m
[0;32mI (272) cpu_start: Max chip rev:     v3.99 [0m
[0;32mI (277) cpu_start: Chip rev:         v3.0[0m
[0;32mI (282) heap_init: Initializing. RAM available for dynamic allocation:[0m
[0;32mI (289) heap_init: At 3FFAE6E0 len 00001920 (6 KiB): DRAM[0m
[0;32mI (295) heap_init: At 3FFB2A18 len 0002D5E8 (181 KiB): DRAM[0m
[0;32mI (301) heap_init: At 3FFE0440 len 00003AE0 (14 KiB): D/IRAM[0m
[0;32mI (307) heap_init: At 3FFE4350 len 0001BCB0 (111 KiB): D/IRAM[0m
[0;32mI (314) heap_init: At 4008CD84 len 0001327C (76 KiB): IRAM[0m
[0;32mI (321) spi_flash: detected chip: generic[0m
[0;32mI (325) spi_flash: flash io: dio[0m
[0;33mW (329) spi_flash: Detected size(4096k) larger than the size in the binary image header(2048k). Using the size in the binary image header.[0m
